    Finished `bench` profile [optimized] target(s) in 0.13s
     Running benches/bench_native_profile.rs (target/release/deps/bench_native_profile-97f6e02e872508fe)
Gnuplot not found, using plotters backend
Benchmarking mode_b/component_parse/integer
Benchmarking mode_b/component_parse/integer: Warming up for 200.00 ms
Benchmarking mode_b/component_parse/integer: Collecting 30 samples in estimated 500.01 ms (4.9M iterations)
Benchmarking mode_b/component_parse/integer: Analyzing
mode_b/component_parse/integer
                        time:   [101.46 ns 102.27 ns 103.30 ns]
                        thrpt:  [184.65 MiB/s 186.51 MiB/s 187.99 MiB/s]
Found 1 outliers among 30 measurements (3.33%)
  1 (3.33%) high mild
Benchmarking mode_b/component_parse/float
Benchmarking mode_b/component_parse/float: Warming up for 200.00 ms
Benchmarking mode_b/component_parse/float: Collecting 30 samples in estimated 500.00 ms (11M iterations)
Benchmarking mode_b/component_parse/float: Analyzing
mode_b/component_parse/float
                        time:   [43.671 ns 44.145 ns 44.637 ns]
                        thrpt:  [470.04 MiB/s 475.27 MiB/s 480.42 MiB/s]
Found 3 outliers among 30 measurements (10.00%)
  2 (6.67%) high mild
  1 (3.33%) high severe
Benchmarking mode_b/component_parse/string/plain
Benchmarking mode_b/component_parse/string/plain: Warming up for 200.00 ms
Benchmarking mode_b/component_parse/string/plain: Collecting 30 samples in estimated 500.02 ms (10.0M iterations)
Benchmarking mode_b/component_parse/string/plain: Analyzing
mode_b/component_parse/string/plain
                        time:   [47.796 ns 48.598 ns 49.585 ns]
                        thrpt:  [346.20 MiB/s 353.22 MiB/s 359.15 MiB/s]
Benchmarking mode_b/component_parse/string/late_escape
Benchmarking mode_b/component_parse/string/late_escape: Warming up for 200.00 ms
Benchmarking mode_b/component_parse/string/late_escape: Collecting 30 samples in estimated 500.01 ms (8.7M iterations)
Benchmarking mode_b/component_parse/string/late_escape: Analyzing
mode_b/component_parse/string/late_escape
                        time:   [57.143 ns 58.623 ns 60.702 ns]
                        thrpt:  [298.51 MiB/s 309.09 MiB/s 317.10 MiB/s]
Found 5 outliers among 30 measurements (16.67%)
  3 (10.00%) high mild
  2 (6.67%) high severe
Benchmarking mode_b/component_parse/string/dense
Benchmarking mode_b/component_parse/string/dense: Warming up for 200.00 ms
Benchmarking mode_b/component_parse/string/dense: Collecting 30 samples in estimated 500.02 ms (6.4M iterations)
Benchmarking mode_b/component_parse/string/dense: Analyzing
mode_b/component_parse/string/dense
                        time:   [77.703 ns 79.110 ns 80.749 ns]
                        thrpt:  [236.21 MiB/s 241.10 MiB/s 245.47 MiB/s]
Found 2 outliers among 30 measurements (6.67%)
  2 (6.67%) high severe
Benchmarking mode_b/component_parse/string/unicode
Benchmarking mode_b/component_parse/string/unicode: Warming up for 200.00 ms
Benchmarking mode_b/component_parse/string/unicode: Collecting 30 samples in estimated 500.05 ms (4.7M iterations)
Benchmarking mode_b/component_parse/string/unicode: Analyzing
mode_b/component_parse/string/unicode
                        time:   [105.57 ns 107.01 ns 108.89 ns]
                        thrpt:  [227.71 MiB/s 231.71 MiB/s 234.86 MiB/s]
Found 4 outliers among 30 measurements (13.33%)
  1 (3.33%) high mild
  3 (10.00%) high severe
Benchmarking mode_b/component_parse/string/borrowed
Benchmarking mode_b/component_parse/string/borrowed: Warming up for 200.00 ms
Benchmarking mode_b/component_parse/string/borrowed: Collecting 30 samples in estimated 500.01 ms (18M iterations)
Benchmarking mode_b/component_parse/string/borrowed: Analyzing
mode_b/component_parse/string/borrowed
                        time:   [28.906 ns 29.143 ns 29.369 ns]
                        thrpt:  [584.49 MiB/s 589.03 MiB/s 593.85 MiB/s]
Benchmarking mode_b/component_parse/wide/field_dispatch
Benchmarking mode_b/component_parse/wide/field_dispatch: Warming up for 200.00 ms
Benchmarking mode_b/component_parse/wide/field_dispatch: Collecting 30 samples in estimated 500.20 ms (555k iterations)
Benchmarking mode_b/component_parse/wide/field_dispatch: Analyzing
mode_b/component_parse/wide/field_dispatch
                        time:   [901.61 ns 904.82 ns 908.23 ns]
                        thrpt:  [109.20 MiB/s 109.61 MiB/s 110.01 MiB/s]
Found 1 outliers among 30 measurements (3.33%)
  1 (3.33%) high mild

Benchmarking mode_b/component_serialize/integers/fresh
Benchmarking mode_b/component_serialize/integers/fresh: Warming up for 200.00 ms
Benchmarking mode_b/component_serialize/integers/fresh: Collecting 30 samples in estimated 500.24 ms (301k iterations)
Benchmarking mode_b/component_serialize/integers/fresh: Analyzing
mode_b/component_serialize/integers/fresh
                        time:   [1.6505 µs 1.6546 µs 1.6588 µs]
                        thrpt:  [888.83 MiB/s 891.08 MiB/s 893.30 MiB/s]
Found 1 outliers among 30 measurements (3.33%)
  1 (3.33%) high mild
Benchmarking mode_b/component_serialize/floats/fresh
Benchmarking mode_b/component_serialize/floats/fresh: Warming up for 200.00 ms
Benchmarking mode_b/component_serialize/floats/fresh: Collecting 30 samples in estimated 500.02 ms (134k iterations)
Benchmarking mode_b/component_serialize/floats/fresh: Analyzing
mode_b/component_serialize/floats/fresh
                        time:   [3.9297 µs 4.1559 µs 4.4390 µs]
                        thrpt:  [454.39 MiB/s 485.33 MiB/s 513.27 MiB/s]
Found 3 outliers among 30 measurements (10.00%)
  3 (10.00%) high mild
Benchmarking mode_b/component_serialize/string/plain
Benchmarking mode_b/component_serialize/string/plain: Warming up for 200.00 ms
Benchmarking mode_b/component_serialize/string/plain: Collecting 30 samples in estimated 500.01 ms (18M iterations)
Benchmarking mode_b/component_serialize/string/plain: Analyzing
mode_b/component_serialize/string/plain
                        time:   [27.563 ns 28.078 ns 29.041 ns]
                        thrpt:  [591.09 MiB/s 611.37 MiB/s 622.80 MiB/s]
Found 3 outliers among 30 measurements (10.00%)
  2 (6.67%) high mild
  1 (3.33%) high severe
Benchmarking mode_b/component_serialize/string/escaped
Benchmarking mode_b/component_serialize/string/escaped: Warming up for 200.00 ms
Benchmarking mode_b/component_serialize/string/escaped: Collecting 30 samples in estimated 500.01 ms (15M iterations)
Benchmarking mode_b/component_serialize/string/escaped: Analyzing
mode_b/component_serialize/string/escaped
                        time:   [33.148 ns 33.406 ns 33.643 ns]
                        thrpt:  [425.20 MiB/s 428.22 MiB/s 431.56 MiB/s]
Found 3 outliers among 30 measurements (10.00%)
  3 (10.00%) low mild
Benchmarking mode_b/component_serialize/wide/fresh
Benchmarking mode_b/component_serialize/wide/fresh: Warming up for 200.00 ms
Benchmarking mode_b/component_serialize/wide/fresh: Collecting 30 samples in estimated 500.08 ms (1.7M iterations)
Benchmarking mode_b/component_serialize/wide/fresh: Analyzing
mode_b/component_serialize/wide/fresh
                        time:   [287.10 ns 289.69 ns 293.64 ns]
                        thrpt:  [337.77 MiB/s 342.37 MiB/s 345.46 MiB/s]
Found 2 outliers among 30 measurements (6.67%)
  1 (3.33%) high mild
  1 (3.33%) high severe
Benchmarking mode_b/component_serialize/wide/buffered_writer
Benchmarking mode_b/component_serialize/wide/buffered_writer: Warming up for 200.00 ms
Benchmarking mode_b/component_serialize/wide/buffered_writer: Collecting 30 samples in estimated 500.02 ms (1.7M iterations)
Benchmarking mode_b/component_serialize/wide/buffered_writer: Analyzing
mode_b/component_serialize/wide/buffered_writer
                        time:   [289.37 ns 293.27 ns 297.87 ns]
                        thrpt:  [332.97 MiB/s 338.20 MiB/s 342.75 MiB/s]
Found 2 outliers among 30 measurements (6.67%)
  2 (6.67%) high mild
Benchmarking mode_b/component_serialize/wide/direct_reuse
Benchmarking mode_b/component_serialize/wide/direct_reuse: Warming up for 200.00 ms
Benchmarking mode_b/component_serialize/wide/direct_reuse: Collecting 30 samples in estimated 500.08 ms (1.5M iterations)
Benchmarking mode_b/component_serialize/wide/direct_reuse: Analyzing
mode_b/component_serialize/wide/direct_reuse
                        time:   [270.32 ns 271.17 ns 272.65 ns]
                        thrpt:  [363.77 MiB/s 365.75 MiB/s 366.91 MiB/s]
Found 3 outliers among 30 measurements (10.00%)
  1 (3.33%) high mild
  2 (6.67%) high severe

Benchmarking mode_b/depth/public_guard
Benchmarking mode_b/depth/public_guard: Warming up for 200.00 ms
Benchmarking mode_b/depth/public_guard: Collecting 30 samples in estimated 500.00 ms (23M iterations)
Benchmarking mode_b/depth/public_guard: Analyzing
mode_b/depth/public_guard
                        time:   [22.062 ns 22.147 ns 22.290 ns]
Found 3 outliers among 30 measurements (10.00%)
  1 (3.33%) high mild
  2 (6.67%) high severe
Benchmarking mode_b/depth/native/1
Benchmarking mode_b/depth/native/1: Warming up for 200.00 ms
Benchmarking mode_b/depth/native/1: Collecting 30 samples in estimated 500.01 ms (5.5M iterations)
Benchmarking mode_b/depth/native/1: Analyzing
mode_b/depth/native/1   time:   [90.195 ns 90.767 ns 91.781 ns]
                        thrpt:  [62.344 MiB/s 63.041 MiB/s 63.441 MiB/s]
Found 3 outliers among 30 measurements (10.00%)
  1 (3.33%) high mild
  2 (6.67%) high severe
Benchmarking mode_b/depth/native/16
Benchmarking mode_b/depth/native/16: Warming up for 200.00 ms
Benchmarking mode_b/depth/native/16: Collecting 30 samples in estimated 500.00 ms (663k iterations)
Benchmarking mode_b/depth/native/16: Analyzing
mode_b/depth/native/16  time:   [766.05 ns 777.55 ns 790.71 ns]
                        thrpt:  [43.419 MiB/s 44.155 MiB/s 44.817 MiB/s]
Found 2 outliers among 30 measurements (6.67%)
  2 (6.67%) high mild
Benchmarking mode_b/depth/native/64
Benchmarking mode_b/depth/native/64: Warming up for 200.00 ms
Benchmarking mode_b/depth/native/64: Collecting 30 samples in estimated 501.78 ms (123k iterations)
Benchmarking mode_b/depth/native/64: Analyzing
mode_b/depth/native/64  time:   [4.0637 µs 4.0796 µs 4.1035 µs]
                        thrpt:  [30.677 MiB/s 30.858 MiB/s 30.978 MiB/s]
Found 4 outliers among 30 measurements (13.33%)
  2 (6.67%) high mild
  2 (6.67%) high severe
Benchmarking mode_b/depth/native/127
Benchmarking mode_b/depth/native/127: Warming up for 200.00 ms
Benchmarking mode_b/depth/native/127: Collecting 30 samples in estimated 504.40 ms (52k iterations)
Benchmarking mode_b/depth/native/127: Analyzing
mode_b/depth/native/127 time:   [8.8515 µs 8.8614 µs 8.8717 µs]
                        thrpt:  [27.734 MiB/s 27.766 MiB/s 27.797 MiB/s]
Found 3 outliers among 30 measurements (10.00%)
  1 (3.33%) low mild
  1 (3.33%) high mild
  1 (3.33%) high severe

