   Compiling jzon-rs v0.3.0 (/home/meme/Documentos/GitHub/jzon-rs/crates/jzon)
    Finished `bench` profile [optimized] target(s) in 2.27s
     Running benches/bench_native_profile.rs (target/release/deps/bench_native_profile-97f6e02e872508fe)
Gnuplot not found, using plotters backend
Benchmarking mode_b/component_parse/integer
Benchmarking mode_b/component_parse/integer: Warming up for 200.00 ms
Benchmarking mode_b/component_parse/integer: Collecting 30 samples in estimated 500.03 ms (4.8M iterations)
Benchmarking mode_b/component_parse/integer: Analyzing
mode_b/component_parse/integer
                        time:   [101.35 ns 102.34 ns 103.34 ns]
                        thrpt:  [184.57 MiB/s 186.37 MiB/s 188.20 MiB/s]
Found 3 outliers among 30 measurements (10.00%)
  3 (10.00%) high mild
Benchmarking mode_b/component_parse/float
Benchmarking mode_b/component_parse/float: Warming up for 200.00 ms
Benchmarking mode_b/component_parse/float: Collecting 30 samples in estimated 500.01 ms (11M iterations)
Benchmarking mode_b/component_parse/float: Analyzing
mode_b/component_parse/float
                        time:   [45.435 ns 45.713 ns 45.966 ns]
                        thrpt:  [456.44 MiB/s 458.96 MiB/s 461.78 MiB/s]
Found 1 outliers among 30 measurements (3.33%)
  1 (3.33%) low severe
Benchmarking mode_b/component_parse/string/plain
Benchmarking mode_b/component_parse/string/plain: Warming up for 200.00 ms
Benchmarking mode_b/component_parse/string/plain: Collecting 30 samples in estimated 500.01 ms (11M iterations)
Benchmarking mode_b/component_parse/string/plain: Analyzing
mode_b/component_parse/string/plain
                        time:   [42.583 ns 43.088 ns 43.947 ns]
                        thrpt:  [390.61 MiB/s 398.40 MiB/s 403.12 MiB/s]
Found 1 outliers among 30 measurements (3.33%)
  1 (3.33%) high severe
Benchmarking mode_b/component_parse/string/late_escape
Benchmarking mode_b/component_parse/string/late_escape: Warming up for 200.00 ms
Benchmarking mode_b/component_parse/string/late_escape: Collecting 30 samples in estimated 500.01 ms (7.0M iterations)
Benchmarking mode_b/component_parse/string/late_escape: Analyzing
mode_b/component_parse/string/late_escape
                        time:   [66.501 ns 68.071 ns 70.202 ns]
                        thrpt:  [258.11 MiB/s 266.19 MiB/s 272.48 MiB/s]
Found 3 outliers among 30 measurements (10.00%)
  1 (3.33%) high mild
  2 (6.67%) high severe
Benchmarking mode_b/component_parse/string/dense
Benchmarking mode_b/component_parse/string/dense: Warming up for 200.00 ms
Benchmarking mode_b/component_parse/string/dense: Collecting 30 samples in estimated 500.02 ms (6.1M iterations)
Benchmarking mode_b/component_parse/string/dense: Analyzing
mode_b/component_parse/string/dense
                        time:   [90.338 ns 94.999 ns 99.605 ns]
                        thrpt:  [191.49 MiB/s 200.78 MiB/s 211.14 MiB/s]
Benchmarking mode_b/component_parse/string/unicode
Benchmarking mode_b/component_parse/string/unicode: Warming up for 200.00 ms
Benchmarking mode_b/component_parse/string/unicode: Collecting 30 samples in estimated 500.04 ms (4.3M iterations)
Benchmarking mode_b/component_parse/string/unicode: Analyzing
mode_b/component_parse/string/unicode
                        time:   [113.89 ns 119.67 ns 126.69 ns]
                        thrpt:  [195.72 MiB/s 207.20 MiB/s 217.71 MiB/s]
Found 4 outliers among 30 measurements (13.33%)
  2 (6.67%) high mild
  2 (6.67%) high severe
Benchmarking mode_b/component_parse/string/borrowed
Benchmarking mode_b/component_parse/string/borrowed: Warming up for 200.00 ms
Benchmarking mode_b/component_parse/string/borrowed: Collecting 30 samples in estimated 500.00 ms (17M iterations)
Benchmarking mode_b/component_parse/string/borrowed: Analyzing
mode_b/component_parse/string/borrowed
                        time:   [22.274 ns 23.076 ns 24.104 ns]
                        thrpt:  [712.16 MiB/s 743.89 MiB/s 770.69 MiB/s]
Found 4 outliers among 30 measurements (13.33%)
  2 (6.67%) high mild
  2 (6.67%) high severe
Benchmarking mode_b/component_parse/wide/field_dispatch
Benchmarking mode_b/component_parse/wide/field_dispatch: Warming up for 200.00 ms
Benchmarking mode_b/component_parse/wide/field_dispatch: Collecting 30 samples in estimated 500.14 ms (611k iterations)
Benchmarking mode_b/component_parse/wide/field_dispatch: Analyzing
mode_b/component_parse/wide/field_dispatch
                        time:   [679.13 ns 684.00 ns 691.57 ns]
                        thrpt:  [143.42 MiB/s 145.00 MiB/s 146.04 MiB/s]
Found 1 outliers among 30 measurements (3.33%)
  1 (3.33%) high mild

Benchmarking mode_b/component_serialize/integers/fresh
Benchmarking mode_b/component_serialize/integers/fresh: Warming up for 200.00 ms
Benchmarking mode_b/component_serialize/integers/fresh: Collecting 30 samples in estimated 500.48 ms (299k iterations)
Benchmarking mode_b/component_serialize/integers/fresh: Analyzing
mode_b/component_serialize/integers/fresh
                        time:   [1.7470 µs 1.8470 µs 1.9359 µs]
                        thrpt:  [761.61 MiB/s 798.25 MiB/s 843.95 MiB/s]
Found 5 outliers among 30 measurements (16.67%)
  3 (10.00%) high mild
  2 (6.67%) high severe
Benchmarking mode_b/component_serialize/floats/fresh
Benchmarking mode_b/component_serialize/floats/fresh: Warming up for 200.00 ms
Benchmarking mode_b/component_serialize/floats/fresh: Collecting 30 samples in estimated 501.11 ms (133k iterations)
Benchmarking mode_b/component_serialize/floats/fresh: Analyzing
mode_b/component_serialize/floats/fresh
                        time:   [3.8302 µs 3.9569 µs 4.1026 µs]
                        thrpt:  [491.65 MiB/s 509.75 MiB/s 526.61 MiB/s]
Found 3 outliers among 30 measurements (10.00%)
  2 (6.67%) high mild
  1 (3.33%) high severe
Benchmarking mode_b/component_serialize/string/plain
Benchmarking mode_b/component_serialize/string/plain: Warming up for 200.00 ms
Benchmarking mode_b/component_serialize/string/plain: Collecting 30 samples in estimated 500.00 ms (19M iterations)
Benchmarking mode_b/component_serialize/string/plain: Analyzing
mode_b/component_serialize/string/plain
                        time:   [25.482 ns 26.187 ns 27.208 ns]
                        thrpt:  [630.92 MiB/s 655.52 MiB/s 673.66 MiB/s]
Found 2 outliers among 30 measurements (6.67%)
  1 (3.33%) high mild
  1 (3.33%) high severe
Benchmarking mode_b/component_serialize/string/escaped
Benchmarking mode_b/component_serialize/string/escaped: Warming up for 200.00 ms
Benchmarking mode_b/component_serialize/string/escaped: Collecting 30 samples in estimated 500.01 ms (13M iterations)
Benchmarking mode_b/component_serialize/string/escaped: Analyzing
mode_b/component_serialize/string/escaped
                        time:   [34.563 ns 35.477 ns 36.905 ns]
                        thrpt:  [387.62 MiB/s 403.22 MiB/s 413.88 MiB/s]
Found 1 outliers among 30 measurements (3.33%)
  1 (3.33%) high severe
Benchmarking mode_b/component_serialize/wide/fresh
Benchmarking mode_b/component_serialize/wide/fresh: Warming up for 200.00 ms
Benchmarking mode_b/component_serialize/wide/fresh: Collecting 30 samples in estimated 500.04 ms (2.3M iterations)
Benchmarking mode_b/component_serialize/wide/fresh: Analyzing
mode_b/component_serialize/wide/fresh
                        time:   [193.64 ns 195.54 ns 198.29 ns]
                        thrpt:  [500.20 MiB/s 507.21 MiB/s 512.19 MiB/s]
Found 4 outliers among 30 measurements (13.33%)
  2 (6.67%) high mild
  2 (6.67%) high severe
Benchmarking mode_b/component_serialize/wide/streaming_to_vec
Benchmarking mode_b/component_serialize/wide/streaming_to_vec: Warming up for 200.00 ms
Benchmarking mode_b/component_serialize/wide/streaming_to_vec: Collecting 30 samples in estimated 500.06 ms (2.0M iterations)
Benchmarking mode_b/component_serialize/wide/streaming_to_vec: Analyzing
mode_b/component_serialize/wide/streaming_to_vec
                        time:   [246.95 ns 249.26 ns 252.62 ns]
                        thrpt:  [392.61 MiB/s 397.91 MiB/s 401.62 MiB/s]
Found 6 outliers among 30 measurements (20.00%)
  6 (20.00%) high mild
Benchmarking mode_b/component_serialize/wide/buffered_writer
Benchmarking mode_b/component_serialize/wide/buffered_writer: Warming up for 200.00 ms
Benchmarking mode_b/component_serialize/wide/buffered_writer: Collecting 30 samples in estimated 500.06 ms (2.5M iterations)
Benchmarking mode_b/component_serialize/wide/buffered_writer: Analyzing
mode_b/component_serialize/wide/buffered_writer
                        time:   [199.64 ns 200.66 ns 201.68 ns]
                        thrpt:  [491.79 MiB/s 494.29 MiB/s 496.80 MiB/s]
Benchmarking mode_b/component_serialize/wide/reusable_serializer
Benchmarking mode_b/component_serialize/wide/reusable_serializer: Warming up for 200.00 ms
Benchmarking mode_b/component_serialize/wide/reusable_serializer: Collecting 30 samples in estimated 500.05 ms (2.6M iterations)
Benchmarking mode_b/component_serialize/wide/reusable_serializer: Analyzing
mode_b/component_serialize/wide/reusable_serializer
                        time:   [180.81 ns 183.54 ns 186.82 ns]
                        thrpt:  [530.89 MiB/s 540.37 MiB/s 548.53 MiB/s]
Found 4 outliers among 30 measurements (13.33%)
  2 (6.67%) high mild
  2 (6.67%) high severe
Benchmarking mode_b/component_serialize/wide/direct_reuse
Benchmarking mode_b/component_serialize/wide/direct_reuse: Warming up for 200.00 ms
Benchmarking mode_b/component_serialize/wide/direct_reuse: Collecting 30 samples in estimated 500.05 ms (2.7M iterations)
Benchmarking mode_b/component_serialize/wide/direct_reuse: Analyzing
mode_b/component_serialize/wide/direct_reuse
                        time:   [183.67 ns 186.86 ns 190.46 ns]
                        thrpt:  [520.75 MiB/s 530.80 MiB/s 539.99 MiB/s]
Found 2 outliers among 30 measurements (6.67%)
  1 (3.33%) high mild
  1 (3.33%) high severe

Benchmarking mode_b/depth/public_guard
Benchmarking mode_b/depth/public_guard: Warming up for 200.00 ms
Benchmarking mode_b/depth/public_guard: Collecting 30 samples in estimated 500.00 ms (22M iterations)
Benchmarking mode_b/depth/public_guard: Analyzing
mode_b/depth/public_guard
                        time:   [22.768 ns 22.781 ns 22.794 ns]
Found 1 outliers among 30 measurements (3.33%)
  1 (3.33%) high mild
Benchmarking mode_b/depth/native/1
Benchmarking mode_b/depth/native/1: Warming up for 200.00 ms
Benchmarking mode_b/depth/native/1: Collecting 30 samples in estimated 500.03 ms (6.7M iterations)
Benchmarking mode_b/depth/native/1: Analyzing
mode_b/depth/native/1   time:   [73.903 ns 74.146 ns 74.402 ns]
                        thrpt:  [76.907 MiB/s 77.173 MiB/s 77.426 MiB/s]
Found 1 outliers among 30 measurements (3.33%)
  1 (3.33%) high mild
Benchmarking mode_b/depth/native/16
Benchmarking mode_b/depth/native/16: Warming up for 200.00 ms
Benchmarking mode_b/depth/native/16: Collecting 30 samples in estimated 500.03 ms (758k iterations)
Benchmarking mode_b/depth/native/16: Analyzing
mode_b/depth/native/16  time:   [650.33 ns 656.80 ns 666.12 ns]
                        thrpt:  [51.540 MiB/s 52.272 MiB/s 52.792 MiB/s]
Found 2 outliers among 30 measurements (6.67%)
  2 (6.67%) high severe
Benchmarking mode_b/depth/native/64
Benchmarking mode_b/depth/native/64: Warming up for 200.00 ms
Benchmarking mode_b/depth/native/64: Collecting 30 samples in estimated 500.12 ms (119k iterations)
Benchmarking mode_b/depth/native/64: Analyzing
mode_b/depth/native/64  time:   [4.1828 µs 4.2112 µs 4.2461 µs]
                        thrpt:  [29.647 MiB/s 29.893 MiB/s 30.096 MiB/s]
Found 2 outliers among 30 measurements (6.67%)
  2 (6.67%) high mild
Benchmarking mode_b/depth/native/127
Benchmarking mode_b/depth/native/127: Warming up for 200.00 ms
Benchmarking mode_b/depth/native/127: Collecting 30 samples in estimated 500.23 ms (58k iterations)
Benchmarking mode_b/depth/native/127: Analyzing
mode_b/depth/native/127 time:   [8.5312 µs 8.6117 µs 8.7115 µs]
                        thrpt:  [28.244 MiB/s 28.571 MiB/s 28.841 MiB/s]
Found 4 outliers among 30 measurements (13.33%)
  1 (3.33%) low mild
  2 (6.67%) high mild
  1 (3.33%) high severe

