    Finished `bench` profile [optimized] target(s) in 0.08s
     Running benches/bench_cmp.rs (target/release/deps/bench_cmp-590b984010563014)
Gnuplot not found, using plotters backend
output-size serde_json: 51013 bytes
Benchmarking serialize/twitter/serde_json
Benchmarking serialize/twitter/serde_json: Warming up for 1.0000 s
Benchmarking serialize/twitter/serde_json: Collecting 200 samples in estimated 4.6846 s (100k iterations)
Benchmarking serialize/twitter/serde_json: Analyzing
serialize/twitter/serde_json
                        time:   [46.322 µs 46.403 µs 46.493 µs]
                        thrpt:  [1.0219 GiB/s 1.0239 GiB/s 1.0256 GiB/s]
Found 16 outliers among 200 measurements (8.00%)
  5 (2.50%) high mild
  11 (5.50%) high severe
output-size sonic_rs: 51013 bytes
Benchmarking serialize/twitter/sonic_rs
Benchmarking serialize/twitter/sonic_rs: Warming up for 1.0000 s
Benchmarking serialize/twitter/sonic_rs: Collecting 200 samples in estimated 4.2093 s (181k iterations)
Benchmarking serialize/twitter/sonic_rs: Analyzing
serialize/twitter/sonic_rs
                        time:   [23.525 µs 23.710 µs 23.929 µs]
                        thrpt:  [1.9855 GiB/s 2.0038 GiB/s 2.0195 GiB/s]
Found 17 outliers among 200 measurements (8.50%)
  11 (5.50%) high mild
  6 (3.00%) high severe
output-size jzon: 51013 bytes
Benchmarking serialize/twitter/jzon
Benchmarking serialize/twitter/jzon: Warming up for 1.0000 s
Benchmarking serialize/twitter/jzon: Collecting 200 samples in estimated 4.0717 s (80k iterations)
Benchmarking serialize/twitter/jzon: Analyzing
serialize/twitter/jzon  time:   [51.253 µs 51.628 µs 52.068 µs]
                        thrpt:  [934.35 MiB/s 942.31 MiB/s 949.21 MiB/s]
Found 16 outliers among 200 measurements (8.00%)
  11 (5.50%) high mild
  5 (2.50%) high severe
output-size jzon_serde: 51013 bytes
Benchmarking serialize/twitter/jzon_serde
Benchmarking serialize/twitter/jzon_serde: Warming up for 1.0000 s
Benchmarking serialize/twitter/jzon_serde: Collecting 200 samples in estimated 5.8647 s (60k iterations)
Benchmarking serialize/twitter/jzon_serde: Analyzing
serialize/twitter/jzon_serde
                        time:   [94.580 µs 95.204 µs 95.900 µs]
                        thrpt:  [507.30 MiB/s 511.00 MiB/s 514.38 MiB/s]
Found 22 outliers among 200 measurements (11.00%)
  12 (6.00%) high mild
  10 (5.00%) high severe

output-size serde_json: 2090326 bytes
Benchmarking serialize/canada/serde_json
Benchmarking serialize/canada/serde_json: Warming up for 1.0000 s
Benchmarking serialize/canada/serde_json: Collecting 200 samples in estimated 4.6124 s (1200 iterations)
Benchmarking serialize/canada/serde_json: Analyzing
serialize/canada/serde_json
                        time:   [3.3458 ms 3.3549 ms 3.3650 ms]
                        thrpt:  [592.41 MiB/s 594.19 MiB/s 595.82 MiB/s]
Found 16 outliers among 200 measurements (8.00%)
  7 (3.50%) high mild
  9 (4.50%) high severe
output-size sonic_rs: 2090326 bytes
Benchmarking serialize/canada/sonic_rs
Benchmarking serialize/canada/sonic_rs: Warming up for 1.0000 s
Benchmarking serialize/canada/sonic_rs: Collecting 200 samples in estimated 4.5956 s (1000 iterations)
Benchmarking serialize/canada/sonic_rs: Analyzing
serialize/canada/sonic_rs
                        time:   [4.3570 ms 4.3767 ms 4.3991 ms]
                        thrpt:  [453.16 MiB/s 455.48 MiB/s 457.53 MiB/s]
Found 22 outliers among 200 measurements (11.00%)
  9 (4.50%) high mild
  13 (6.50%) high severe
output-size jzon: 2090326 bytes
Benchmarking serialize/canada/jzon
Benchmarking serialize/canada/jzon: Warming up for 1.0000 s
Benchmarking serialize/canada/jzon: Collecting 200 samples in estimated 4.4741 s (1000 iterations)
Benchmarking serialize/canada/jzon: Analyzing
serialize/canada/jzon   time:   [4.4833 ms 4.5122 ms 4.5441 ms]
                        thrpt:  [438.70 MiB/s 441.80 MiB/s 444.65 MiB/s]
Found 29 outliers among 200 measurements (14.50%)
  10 (5.00%) high mild
  19 (9.50%) high severe
output-size jzon_serde: 2090326 bytes
Benchmarking serialize/canada/jzon_serde
Benchmarking serialize/canada/jzon_serde: Warming up for 1.0000 s
Benchmarking serialize/canada/jzon_serde: Collecting 200 samples in estimated 4.1419 s (1000 iterations)
Benchmarking serialize/canada/jzon_serde: Analyzing
serialize/canada/jzon_serde
                        time:   [3.8840 ms 3.9127 ms 3.9449 ms]
                        thrpt:  [505.34 MiB/s 509.49 MiB/s 513.26 MiB/s]
Found 23 outliers among 200 measurements (11.50%)
  9 (4.50%) high mild
  14 (7.00%) high severe

output-size serde_json/Point: 26 bytes
output-size sonic_rs/Point: 26 bytes
output-size jzon/Point: 26 bytes
output-size jzon_serde/Point: 26 bytes
output-size serde_json/Record: 52 bytes
output-size sonic_rs/Record: 52 bytes
output-size jzon/Record: 52 bytes
output-size jzon_serde/Record: 52 bytes
output-size jzon/Point/pre-alloc: 26 bytes
output-size serde_json/Point/pre-alloc: 26 bytes
output-size jzon/Record/pre-alloc: 52 bytes
output-size serde_json/Record/pre-alloc: 52 bytes
output-size serde_json: 60201 bytes
output-size sonic_rs: 60201 bytes
output-size jzon: 60201 bytes
output-size jzon_serde: 60201 bytes
output-size serde_json: 197 bytes
output-size sonic_rs: 197 bytes
output-size jzon: 197 bytes
output-size serde_json: 13750 bytes
output-size sonic_rs: 13750 bytes
output-size jzon: 13748 bytes
output-size jzon_serde: 13750 bytes
output-size jzon/reuse: 51013 bytes
output-size serde_json/reuse: 51013 bytes
output-size jzon_serde/reuse: 51013 bytes
output-size sonic_rs/fresh_to_string: 51013 bytes
output-size jzon/A/Vec_alloc: 27 bytes
output-size jzon/A/FixedBuf<128>: 27 bytes
output-size jzon/A/reuse: 27 bytes
output-size serde_json/alloc: 27 bytes
output-size serde_json/reuse: 27 bytes
output-size sonic_rs: 27 bytes
output-size jzon/A: 7601 bytes
output-size jzon/B: 7601 bytes
output-size serde_json: 7601 bytes
output-size sonic_rs: 7601 bytes
output-size jzon/A: 48255 bytes
output-size jzon/B: 48257 bytes
output-size serde_json: 48257 bytes
output-size sonic_rs: 48257 bytes
output-size jzon/A/to_json_bytes: 43464 bytes
output-size jzon/B/to_string: 43466 bytes
output-size jzon/B/buffered_to_writer: 43466 bytes
output-size serde_json/to_string: 43466 bytes
output-size serde_json/to_writer: 43466 bytes
output-size sonic_rs/to_string: 43466 bytes
output-size serde_json: 9412636 bytes
output-size sonic_rs: 9412636 bytes
output-size jzon/A: 9412636 bytes
output-size jzon/B: 9412636 bytes
output-size serde_json: 2106432 bytes
output-size sonic_rs: 2106432 bytes
output-size jzon/B: 2106432 bytes
output-size jzon/A: 1944307 bytes
