    Finished `bench` profile [optimized] target(s) in 0.06s
     Running benches/bench_native_profile.rs (target/release/deps/bench_native_profile-97f6e02e872508fe)
Gnuplot not found, using plotters backend
Benchmarking mode_b/component_parse/integer
Benchmarking mode_b/component_parse/integer: Warming up for 200.00 ms
Benchmarking mode_b/component_parse/integer: Collecting 30 samples in estimated 500.04 ms (4.9M iterations)
Benchmarking mode_b/component_parse/integer: Analyzing
mode_b/component_parse/integer
                        time:   [100.69 ns 100.96 ns 101.24 ns]
                        thrpt:  [188.39 MiB/s 188.92 MiB/s 189.42 MiB/s]
Found 2 outliers among 30 measurements (6.67%)
  1 (3.33%) high mild
  1 (3.33%) high severe
Benchmarking mode_b/component_parse/float
Benchmarking mode_b/component_parse/float: Warming up for 200.00 ms
Benchmarking mode_b/component_parse/float: Collecting 30 samples in estimated 500.01 ms (11M iterations)
Benchmarking mode_b/component_parse/float: Analyzing
mode_b/component_parse/float
                        time:   [45.187 ns 45.698 ns 46.610 ns]
                        thrpt:  [450.13 MiB/s 459.12 MiB/s 464.31 MiB/s]
Found 2 outliers among 30 measurements (6.67%)
  1 (3.33%) high mild
  1 (3.33%) high severe
Benchmarking mode_b/component_parse/string/plain
Benchmarking mode_b/component_parse/string/plain: Warming up for 200.00 ms
Benchmarking mode_b/component_parse/string/plain: Collecting 30 samples in estimated 500.01 ms (12M iterations)
Benchmarking mode_b/component_parse/string/plain: Analyzing
mode_b/component_parse/string/plain
                        time:   [41.735 ns 41.898 ns 42.098 ns]
                        thrpt:  [407.77 MiB/s 409.71 MiB/s 411.31 MiB/s]
Found 2 outliers among 30 measurements (6.67%)
  1 (3.33%) high mild
  1 (3.33%) high severe
Benchmarking mode_b/component_parse/string/late_escape
Benchmarking mode_b/component_parse/string/late_escape: Warming up for 200.00 ms
Benchmarking mode_b/component_parse/string/late_escape: Collecting 30 samples in estimated 500.02 ms (7.7M iterations)
Benchmarking mode_b/component_parse/string/late_escape: Analyzing
mode_b/component_parse/string/late_escape
                        time:   [64.353 ns 64.524 ns 64.707 ns]
                        thrpt:  [280.03 MiB/s 280.82 MiB/s 281.57 MiB/s]
Found 1 outliers among 30 measurements (3.33%)
  1 (3.33%) high severe
Benchmarking mode_b/component_parse/string/dense
Benchmarking mode_b/component_parse/string/dense: Warming up for 200.00 ms
Benchmarking mode_b/component_parse/string/dense: Collecting 30 samples in estimated 500.00 ms (6.1M iterations)
Benchmarking mode_b/component_parse/string/dense: Analyzing
mode_b/component_parse/string/dense
                        time:   [82.674 ns 83.378 ns 84.523 ns]
                        thrpt:  [225.66 MiB/s 228.76 MiB/s 230.71 MiB/s]
Found 2 outliers among 30 measurements (6.67%)
  2 (6.67%) high severe
Benchmarking mode_b/component_parse/string/unicode
Benchmarking mode_b/component_parse/string/unicode: Warming up for 200.00 ms
Benchmarking mode_b/component_parse/string/unicode: Collecting 30 samples in estimated 500.04 ms (4.2M iterations)
Benchmarking mode_b/component_parse/string/unicode: Analyzing
mode_b/component_parse/string/unicode
                        time:   [116.67 ns 120.42 ns 125.36 ns]
                        thrpt:  [197.79 MiB/s 205.90 MiB/s 212.53 MiB/s]
Found 2 outliers among 30 measurements (6.67%)
  2 (6.67%) high severe
Benchmarking mode_b/component_parse/string/borrowed
Benchmarking mode_b/component_parse/string/borrowed: Warming up for 200.00 ms
Benchmarking mode_b/component_parse/string/borrowed: Collecting 30 samples in estimated 500.01 ms (21M iterations)
Benchmarking mode_b/component_parse/string/borrowed: Analyzing
mode_b/component_parse/string/borrowed
                        time:   [28.680 ns 29.501 ns 30.366 ns]
                        thrpt:  [565.30 MiB/s 581.88 MiB/s 598.54 MiB/s]
Found 2 outliers among 30 measurements (6.67%)
  1 (3.33%) high mild
  1 (3.33%) high severe
Benchmarking mode_b/component_parse/wide/field_dispatch
Benchmarking mode_b/component_parse/wide/field_dispatch: Warming up for 200.00 ms
Benchmarking mode_b/component_parse/wide/field_dispatch: Collecting 30 samples in estimated 500.10 ms (704k iterations)
Benchmarking mode_b/component_parse/wide/field_dispatch: Analyzing
mode_b/component_parse/wide/field_dispatch
                        time:   [686.31 ns 705.41 ns 735.11 ns]
                        thrpt:  [134.92 MiB/s 140.60 MiB/s 144.52 MiB/s]
Found 2 outliers among 30 measurements (6.67%)
  2 (6.67%) high mild

Benchmarking mode_b/component_serialize/integers/fresh
Benchmarking mode_b/component_serialize/integers/fresh: Warming up for 200.00 ms
Benchmarking mode_b/component_serialize/integers/fresh: Collecting 30 samples in estimated 500.16 ms (294k iterations)
Benchmarking mode_b/component_serialize/integers/fresh: Analyzing
mode_b/component_serialize/integers/fresh
                        time:   [1.6279 µs 1.6572 µs 1.7036 µs]
                        thrpt:  [865.47 MiB/s 889.68 MiB/s 905.72 MiB/s]
Found 2 outliers among 30 measurements (6.67%)
  2 (6.67%) high severe
Benchmarking mode_b/component_serialize/floats/fresh
Benchmarking mode_b/component_serialize/floats/fresh: Warming up for 200.00 ms
Benchmarking mode_b/component_serialize/floats/fresh: Collecting 30 samples in estimated 500.43 ms (129k iterations)
Benchmarking mode_b/component_serialize/floats/fresh: Analyzing
mode_b/component_serialize/floats/fresh
                        time:   [3.7269 µs 3.7329 µs 3.7386 µs]
                        thrpt:  [539.51 MiB/s 540.34 MiB/s 541.20 MiB/s]
Found 1 outliers among 30 measurements (3.33%)
  1 (3.33%) high severe
Benchmarking mode_b/component_serialize/string/plain
Benchmarking mode_b/component_serialize/string/plain: Warming up for 200.00 ms
Benchmarking mode_b/component_serialize/string/plain: Collecting 30 samples in estimated 500.01 ms (18M iterations)
Benchmarking mode_b/component_serialize/string/plain: Analyzing
mode_b/component_serialize/string/plain
                        time:   [25.843 ns 26.265 ns 26.779 ns]
                        thrpt:  [641.02 MiB/s 653.59 MiB/s 664.24 MiB/s]
Found 5 outliers among 30 measurements (16.67%)
  2 (6.67%) high mild
  3 (10.00%) high severe
Benchmarking mode_b/component_serialize/string/escaped
Benchmarking mode_b/component_serialize/string/escaped: Warming up for 200.00 ms
Benchmarking mode_b/component_serialize/string/escaped: Collecting 30 samples in estimated 500.01 ms (14M iterations)
Benchmarking mode_b/component_serialize/string/escaped: Analyzing
mode_b/component_serialize/string/escaped
                        time:   [32.975 ns 33.707 ns 34.730 ns]
                        thrpt:  [411.90 MiB/s 424.39 MiB/s 433.82 MiB/s]
Found 2 outliers among 30 measurements (6.67%)
  2 (6.67%) high severe
Benchmarking mode_b/component_serialize/wide/fresh
Benchmarking mode_b/component_serialize/wide/fresh: Warming up for 200.00 ms
Benchmarking mode_b/component_serialize/wide/fresh: Collecting 30 samples in estimated 500.01 ms (2.5M iterations)
Benchmarking mode_b/component_serialize/wide/fresh: Analyzing
mode_b/component_serialize/wide/fresh
                        time:   [197.28 ns 199.03 ns 201.05 ns]
                        thrpt:  [493.31 MiB/s 498.33 MiB/s 502.74 MiB/s]
Benchmarking mode_b/component_serialize/wide/streaming_to_vec
Benchmarking mode_b/component_serialize/wide/streaming_to_vec: Warming up for 200.00 ms
Benchmarking mode_b/component_serialize/wide/streaming_to_vec: Collecting 30 samples in estimated 500.03 ms (2.0M iterations)
Benchmarking mode_b/component_serialize/wide/streaming_to_vec: Analyzing
mode_b/component_serialize/wide/streaming_to_vec
                        time:   [251.26 ns 253.91 ns 257.27 ns]
                        thrpt:  [385.52 MiB/s 390.62 MiB/s 394.75 MiB/s]
Found 5 outliers among 30 measurements (16.67%)
  3 (10.00%) high mild
  2 (6.67%) high severe
Benchmarking mode_b/component_serialize/wide/buffered_writer
Benchmarking mode_b/component_serialize/wide/buffered_writer: Warming up for 200.00 ms
Benchmarking mode_b/component_serialize/wide/buffered_writer: Collecting 30 samples in estimated 500.03 ms (2.5M iterations)
Benchmarking mode_b/component_serialize/wide/buffered_writer: Analyzing
mode_b/component_serialize/wide/buffered_writer
                        time:   [205.88 ns 208.93 ns 212.57 ns]
                        thrpt:  [466.59 MiB/s 474.72 MiB/s 481.76 MiB/s]
Found 5 outliers among 30 measurements (16.67%)
  3 (10.00%) low mild
  1 (3.33%) high mild
  1 (3.33%) high severe
Benchmarking mode_b/component_serialize/wide/reusable_serializer
Benchmarking mode_b/component_serialize/wide/reusable_serializer: Warming up for 200.00 ms
Benchmarking mode_b/component_serialize/wide/reusable_serializer: Collecting 30 samples in estimated 500.07 ms (2.5M iterations)
Benchmarking mode_b/component_serialize/wide/reusable_serializer: Analyzing
mode_b/component_serialize/wide/reusable_serializer
                        time:   [179.65 ns 183.68 ns 188.58 ns]
                        thrpt:  [525.95 MiB/s 539.97 MiB/s 552.08 MiB/s]
Found 2 outliers among 30 measurements (6.67%)
  1 (3.33%) high mild
  1 (3.33%) high severe
Benchmarking mode_b/component_serialize/wide/direct_reuse
Benchmarking mode_b/component_serialize/wide/direct_reuse: Warming up for 200.00 ms
Benchmarking mode_b/component_serialize/wide/direct_reuse: Collecting 30 samples in estimated 500.03 ms (2.6M iterations)
Benchmarking mode_b/component_serialize/wide/direct_reuse: Analyzing
mode_b/component_serialize/wide/direct_reuse
                        time:   [185.46 ns 187.88 ns 190.65 ns]
                        thrpt:  [520.22 MiB/s 527.91 MiB/s 534.79 MiB/s]
Found 4 outliers among 30 measurements (13.33%)
  4 (13.33%) high severe

Benchmarking mode_b/depth/public_guard
Benchmarking mode_b/depth/public_guard: Warming up for 200.00 ms
Benchmarking mode_b/depth/public_guard: Collecting 30 samples in estimated 500.00 ms (23M iterations)
Benchmarking mode_b/depth/public_guard: Analyzing
mode_b/depth/public_guard
                        time:   [21.847 ns 21.864 ns 21.890 ns]
Found 4 outliers among 30 measurements (13.33%)
  1 (3.33%) high mild
  3 (10.00%) high severe
Benchmarking mode_b/depth/native/1
Benchmarking mode_b/depth/native/1: Warming up for 200.00 ms
Benchmarking mode_b/depth/native/1: Collecting 30 samples in estimated 500.01 ms (6.2M iterations)
Benchmarking mode_b/depth/native/1: Analyzing
mode_b/depth/native/1   time:   [74.693 ns 75.238 ns 76.075 ns]
                        thrpt:  [75.216 MiB/s 76.053 MiB/s 76.608 MiB/s]
Found 6 outliers among 30 measurements (20.00%)
  2 (6.67%) high mild
  4 (13.33%) high severe
Benchmarking mode_b/depth/native/16
Benchmarking mode_b/depth/native/16: Warming up for 200.00 ms
Benchmarking mode_b/depth/native/16: Collecting 30 samples in estimated 500.12 ms (731k iterations)
Benchmarking mode_b/depth/native/16: Analyzing
mode_b/depth/native/16  time:   [687.16 ns 707.08 ns 730.48 ns]
                        thrpt:  [47.000 MiB/s 48.555 MiB/s 49.962 MiB/s]
Found 3 outliers among 30 measurements (10.00%)
  3 (10.00%) high mild
Benchmarking mode_b/depth/native/64
Benchmarking mode_b/depth/native/64: Warming up for 200.00 ms
Benchmarking mode_b/depth/native/64: Collecting 30 samples in estimated 500.48 ms (117k iterations)
Benchmarking mode_b/depth/native/64: Analyzing
mode_b/depth/native/64  time:   [4.4390 µs 4.6864 µs 4.9103 µs]
                        thrpt:  [25.637 MiB/s 26.862 MiB/s 28.359 MiB/s]
Found 3 outliers among 30 measurements (10.00%)
  2 (6.67%) high mild
  1 (3.33%) high severe
Benchmarking mode_b/depth/native/127
Benchmarking mode_b/depth/native/127: Warming up for 200.00 ms
Benchmarking mode_b/depth/native/127: Collecting 30 samples in estimated 503.46 ms (57k iterations)
Benchmarking mode_b/depth/native/127: Analyzing
mode_b/depth/native/127 time:   [8.3158 µs 8.5426 µs 8.8122 µs]
                        thrpt:  [27.921 MiB/s 28.802 MiB/s 29.588 MiB/s]
Found 6 outliers among 30 measurements (20.00%)
  1 (3.33%) high mild
  5 (16.67%) high severe

