    Finished `bench` profile [optimized] target(s) in 0.07s
     Running benches/bench_cmp.rs (target/release/deps/bench_cmp-590b984010563014)
Gnuplot not found, using plotters backend
output-size serde_json: 51013 bytes
Benchmarking serialize/twitter/serde_json
Benchmarking serialize/twitter/serde_json: Warming up for 1.0000 s
Benchmarking serialize/twitter/serde_json: Collecting 200 samples in estimated 4.9084 s (100k iterations)
Benchmarking serialize/twitter/serde_json: Analyzing
serialize/twitter/serde_json
                        time:   [48.618 µs 48.809 µs 49.017 µs]
                        thrpt:  [992.51 MiB/s 996.73 MiB/s 1000.7 MiB/s]
Found 14 outliers among 200 measurements (7.00%)
  4 (2.00%) high mild
  10 (5.00%) high severe
output-size sonic_rs: 51013 bytes
Benchmarking serialize/twitter/sonic_rs
Benchmarking serialize/twitter/sonic_rs: Warming up for 1.0000 s
Benchmarking serialize/twitter/sonic_rs: Collecting 200 samples in estimated 4.3936 s (181k iterations)
Benchmarking serialize/twitter/sonic_rs: Analyzing
serialize/twitter/sonic_rs
                        time:   [23.924 µs 24.054 µs 24.204 µs]
                        thrpt:  [1.9628 GiB/s 1.9752 GiB/s 1.9858 GiB/s]
Found 11 outliers among 200 measurements (5.50%)
  7 (3.50%) high mild
  4 (2.00%) high severe
output-size jzon: 51013 bytes
Benchmarking serialize/twitter/jzon
Benchmarking serialize/twitter/jzon: Warming up for 1.0000 s
Benchmarking serialize/twitter/jzon: Collecting 200 samples in estimated 4.1218 s (121k iterations)
Benchmarking serialize/twitter/jzon: Analyzing
serialize/twitter/jzon  time:   [33.952 µs 34.013 µs 34.085 µs]
                        thrpt:  [1.3939 GiB/s 1.3968 GiB/s 1.3993 GiB/s]
Found 11 outliers among 200 measurements (5.50%)
  4 (2.00%) high mild
  7 (3.50%) high severe
output-size jzon_serde: 51013 bytes
Benchmarking serialize/twitter/jzon_serde
Benchmarking serialize/twitter/jzon_serde: Warming up for 1.0000 s
Benchmarking serialize/twitter/jzon_serde: Collecting 200 samples in estimated 4.1050 s (40k iterations)
Benchmarking serialize/twitter/jzon_serde: Analyzing
serialize/twitter/jzon_serde
                        time:   [101.87 µs 102.27 µs 102.75 µs]
                        thrpt:  [473.50 MiB/s 475.68 MiB/s 477.58 MiB/s]
Found 14 outliers among 200 measurements (7.00%)
  4 (2.00%) high mild
  10 (5.00%) high severe

output-size serde_json: 2090326 bytes
Benchmarking serialize/canada/serde_json
Benchmarking serialize/canada/serde_json: Warming up for 1.0000 s
Benchmarking serialize/canada/serde_json: Collecting 200 samples in estimated 4.0465 s (1200 iterations)
Benchmarking serialize/canada/serde_json: Analyzing
serialize/canada/serde_json
                        time:   [3.3625 ms 3.3789 ms 3.3982 ms]
                        thrpt:  [586.64 MiB/s 589.98 MiB/s 592.85 MiB/s]
Found 19 outliers among 200 measurements (9.50%)
  11 (5.50%) high mild
  8 (4.00%) high severe
output-size sonic_rs: 2090326 bytes
Benchmarking serialize/canada/sonic_rs
Benchmarking serialize/canada/sonic_rs: Warming up for 1.0000 s
Benchmarking serialize/canada/sonic_rs: Collecting 200 samples in estimated 4.6670 s (1000 iterations)
Benchmarking serialize/canada/sonic_rs: Analyzing
serialize/canada/sonic_rs
                        time:   [4.3686 ms 4.3815 ms 4.3969 ms]
                        thrpt:  [453.39 MiB/s 454.98 MiB/s 456.32 MiB/s]
Found 12 outliers among 200 measurements (6.00%)
  2 (1.00%) high mild
  10 (5.00%) high severe
output-size jzon: 2090326 bytes
Benchmarking serialize/canada/jzon
Benchmarking serialize/canada/jzon: Warming up for 1.0000 s
Benchmarking serialize/canada/jzon: Collecting 200 samples in estimated 4.4408 s (1000 iterations)
Benchmarking serialize/canada/jzon: Analyzing
serialize/canada/jzon   time:   [4.5331 ms 4.5597 ms 4.5888 ms]
                        thrpt:  [434.43 MiB/s 437.20 MiB/s 439.77 MiB/s]
Found 18 outliers among 200 measurements (9.00%)
  14 (7.00%) high mild
  4 (2.00%) high severe
output-size jzon_serde: 2090326 bytes
Benchmarking serialize/canada/jzon_serde
Benchmarking serialize/canada/jzon_serde: Warming up for 1.0000 s
Benchmarking serialize/canada/jzon_serde: Collecting 200 samples in estimated 4.2916 s (1200 iterations)
Benchmarking serialize/canada/jzon_serde: Analyzing
serialize/canada/jzon_serde
                        time:   [3.5451 ms 3.5708 ms 3.5982 ms]
                        thrpt:  [554.02 MiB/s 558.27 MiB/s 562.33 MiB/s]
Found 10 outliers among 200 measurements (5.00%)
  9 (4.50%) high mild
  1 (0.50%) high severe

output-size serde_json/Point: 26 bytes
output-size sonic_rs/Point: 26 bytes
output-size jzon/Point: 26 bytes
output-size jzon_serde/Point: 26 bytes
output-size serde_json/Record: 52 bytes
output-size sonic_rs/Record: 52 bytes
output-size jzon/Record: 52 bytes
output-size jzon_serde/Record: 52 bytes
output-size jzon/Point/pre-alloc: 26 bytes
output-size serde_json/Point/pre-alloc: 26 bytes
output-size jzon/Record/pre-alloc: 52 bytes
output-size serde_json/Record/pre-alloc: 52 bytes
output-size serde_json: 60201 bytes
output-size sonic_rs: 60201 bytes
output-size jzon: 60201 bytes
output-size jzon_serde: 60201 bytes
output-size serde_json: 197 bytes
output-size sonic_rs: 197 bytes
output-size jzon: 197 bytes
output-size serde_json: 13750 bytes
output-size sonic_rs: 13750 bytes
output-size jzon: 13748 bytes
output-size jzon_serde: 13750 bytes
output-size jzon/reuse: 51013 bytes
output-size serde_json/reuse: 51013 bytes
output-size jzon_serde/reuse: 51013 bytes
output-size sonic_rs/fresh_to_string: 51013 bytes
output-size jzon/A/Vec_alloc: 27 bytes
output-size jzon/A/FixedBuf<128>: 27 bytes
output-size jzon/A/reuse: 27 bytes
output-size serde_json/alloc: 27 bytes
output-size serde_json/reuse: 27 bytes
output-size sonic_rs: 27 bytes
output-size jzon/A: 7601 bytes
output-size jzon/B: 7601 bytes
output-size serde_json: 7601 bytes
output-size sonic_rs: 7601 bytes
output-size jzon/A: 48255 bytes
output-size jzon/B: 48257 bytes
output-size serde_json: 48257 bytes
output-size sonic_rs: 48257 bytes
output-size jzon/A/to_json_bytes: 43464 bytes
output-size jzon/B/to_string: 43466 bytes
output-size jzon/B/streaming_to_writer: 43466 bytes
output-size serde_json/to_string: 43466 bytes
output-size serde_json/to_writer: 43466 bytes
output-size sonic_rs/to_string: 43466 bytes
output-size serde_json: 9412636 bytes
output-size sonic_rs: 9412636 bytes
output-size jzon/A: 9412636 bytes
output-size jzon/B: 9412636 bytes
output-size serde_json: 2106432 bytes
output-size sonic_rs: 2106432 bytes
output-size jzon/B: 2106432 bytes
output-size jzon/A: 1944307 bytes
