   Compiling proc-macro2 v1.0.107
   Compiling quote v1.0.47
   Compiling unicode-ident v1.0.26
   Compiling serde_core v1.0.229
   Compiling serde v1.0.229
   Compiling cfg-if v1.0.5
   Compiling zerocopy v0.8.59
   Compiling zmij v1.0.23
   Compiling autocfg v1.5.1
   Compiling itoa v1.0.18
   Compiling version_check v0.9.5
   Compiling crossbeam-utils v0.8.23
   Compiling once_cell v1.21.4
   Compiling lexical-util v1.0.7
   Compiling crossbeam-epoch v0.9.21
   Compiling crossbeam-deque v0.8.8
   Compiling ahash v0.8.12
   Compiling serde_json v1.0.151
   Compiling ryu v1.0.23
   Compiling either v1.18.0
   Compiling libc v0.2.189
   Compiling num-traits v0.2.19
   Compiling memchr v2.8.3
   Compiling allocator-api2 v0.2.21
   Compiling rayon-core v1.13.0
   Compiling ref-cast v1.0.27
   Compiling thiserror v2.0.21
   Compiling clap_lex v1.1.1
   Compiling ciborium-io v0.2.2
   Compiling anstyle v1.0.14
   Compiling regex-syntax v0.8.11
   Compiling plotters-backend v0.3.7
   Compiling simdutf8 v0.1.5
   Compiling clap_builder v4.6.7
   Compiling lexical-parse-integer v1.0.6
   Compiling lexical-write-integer v1.0.6
   Compiling lexical-parse-float v1.0.6
   Compiling plotters-svg v0.3.7
   Compiling lexical-write-float v1.0.6
   Compiling itertools v0.10.5
   Compiling syn v3.0.6
   Compiling syn v2.0.119
   Compiling float-cmp v0.9.0
   Compiling cast v0.3.0
   Compiling bytes v1.12.1
   Compiling fast-float2 v0.2.4
   Compiling same-file v1.0.6
   Compiling lexical-core v1.0.6
   Compiling walkdir v2.5.0
   Compiling plotters v0.3.7
   Compiling sonic-number v0.1.3
   Compiling regex-automata v0.4.18
   Compiling is-terminal v0.4.17
   Compiling rayon v1.12.0
   Compiling sonic-simd v0.1.4
   Compiling anes v0.1.6
   Compiling oorandom v11.1.5
   Compiling bumpalo v3.20.3
   Compiling criterion-plot v0.5.0
   Compiling clap v4.6.7
   Compiling serde_derive v1.0.229
   Compiling ref-cast-impl v1.0.27
   Compiling thiserror-impl v2.0.21
   Compiling regex v1.13.1
   Compiling zerocopy-derive v0.8.59
   Compiling jzon-rs-derive v0.3.0 (/tmp/jzon-optimization-baseline-947/crates/jzon_derive)
   Compiling faststr v0.2.34
   Compiling tinytemplate v1.2.1
   Compiling sonic-rs v0.3.17
   Compiling jzon-rs v0.3.0 (/tmp/jzon-optimization-baseline-947/crates/jzon)
   Compiling jzon-rs-serde v0.3.0 (/tmp/jzon-optimization-baseline-947/crates/jzon_serde)
   Compiling half v2.7.1
   Compiling hashbrown v0.14.5
   Compiling ciborium-ll v0.2.2
   Compiling ciborium v0.2.2
   Compiling halfbrown v0.2.5
   Compiling criterion v0.5.1
   Compiling value-trait v0.8.1
   Compiling simd-json v0.13.11
    Finished `test` profile [unoptimized + debuginfo] target(s) in 16.67s
     Running tests/numeric128_repro.rs (/tmp/jzon-optimization-baseline-947/target/debug/deps/numeric128_repro-2577abe69c807424)

running 1 test
test native_serializes_128_bit_endpoints ... FAILED

failures:

---- native_serializes_128_bit_endpoints stdout ----

thread 'native_serializes_128_bit_endpoints' (184537) panicked at crates/jzon/tests/numeric128_repro.rs:3:55:
called `Result::unwrap()` on an `Err` value: Custom("i128 is not supported")
note: run with `RUST_BACKTRACE=1` environment variable to display a backtrace


failures:
    native_serializes_128_bit_endpoints

test result: FAILED. 0 passed; 1 failed; 0 ignored; 0 measured; 0 filtered out; finished in 0.00s

error: test failed, to rerun pass `-p jzon-rs --test numeric128_repro`
