    Finished `bench` profile [optimized] target(s) in 0.06s
     Running benches/bench_native_profile.rs (target/release/deps/bench_native_profile-97f6e02e872508fe)
Gnuplot not found, using plotters backend
Benchmarking mode_b/component_parse/integer
Benchmarking mode_b/component_parse/integer: Warming up for 200.00 ms
Benchmarking mode_b/component_parse/integer: Collecting 30 samples in estimated 500.01 ms (5.0M iterations)
Benchmarking mode_b/component_parse/integer: Analyzing
mode_b/component_parse/integer
                        time:   [100.03 ns 100.47 ns 100.90 ns]
                        thrpt:  [189.03 MiB/s 189.85 MiB/s 190.67 MiB/s]
Found 1 outliers among 30 measurements (3.33%)
  1 (3.33%) low mild
Benchmarking mode_b/component_parse/float
Benchmarking mode_b/component_parse/float: Warming up for 200.00 ms
Benchmarking mode_b/component_parse/float: Collecting 30 samples in estimated 500.02 ms (11M iterations)
Benchmarking mode_b/component_parse/float: Analyzing
mode_b/component_parse/float
                        time:   [43.713 ns 44.432 ns 45.212 ns]
                        thrpt:  [464.05 MiB/s 472.20 MiB/s 479.96 MiB/s]
Found 6 outliers among 30 measurements (20.00%)
  1 (3.33%) low mild
  1 (3.33%) high mild
  4 (13.33%) high severe
Benchmarking mode_b/component_parse/string/plain
Benchmarking mode_b/component_parse/string/plain: Warming up for 200.00 ms
Benchmarking mode_b/component_parse/string/plain: Collecting 30 samples in estimated 500.02 ms (11M iterations)
Benchmarking mode_b/component_parse/string/plain: Analyzing
mode_b/component_parse/string/plain
                        time:   [45.071 ns 45.258 ns 45.422 ns]
                        thrpt:  [377.92 MiB/s 379.30 MiB/s 380.87 MiB/s]
Found 4 outliers among 30 measurements (13.33%)
  1 (3.33%) low mild
  3 (10.00%) high mild
Benchmarking mode_b/component_parse/string/late_escape
Benchmarking mode_b/component_parse/string/late_escape: Warming up for 200.00 ms
Benchmarking mode_b/component_parse/string/late_escape: Collecting 30 samples in estimated 500.02 ms (9.0M iterations)
Benchmarking mode_b/component_parse/string/late_escape: Analyzing
mode_b/component_parse/string/late_escape
                        time:   [56.142 ns 56.414 ns 56.759 ns]
                        thrpt:  [319.24 MiB/s 321.19 MiB/s 322.75 MiB/s]
Found 2 outliers among 30 measurements (6.67%)
  2 (6.67%) high severe
Benchmarking mode_b/component_parse/string/dense
Benchmarking mode_b/component_parse/string/dense: Warming up for 200.00 ms
Benchmarking mode_b/component_parse/string/dense: Collecting 30 samples in estimated 500.03 ms (6.7M iterations)
Benchmarking mode_b/component_parse/string/dense: Analyzing
mode_b/component_parse/string/dense
                        time:   [74.244 ns 74.674 ns 75.162 ns]
                        thrpt:  [253.76 MiB/s 255.42 MiB/s 256.90 MiB/s]
Found 2 outliers among 30 measurements (6.67%)
  1 (3.33%) high mild
  1 (3.33%) high severe
Benchmarking mode_b/component_parse/string/unicode
Benchmarking mode_b/component_parse/string/unicode: Warming up for 200.00 ms
Benchmarking mode_b/component_parse/string/unicode: Collecting 30 samples in estimated 500.04 ms (4.8M iterations)
Benchmarking mode_b/component_parse/string/unicode: Analyzing
mode_b/component_parse/string/unicode
                        time:   [106.00 ns 106.17 ns 106.34 ns]
                        thrpt:  [233.16 MiB/s 233.53 MiB/s 233.92 MiB/s]
Found 1 outliers among 30 measurements (3.33%)
  1 (3.33%) high severe
Benchmarking mode_b/component_parse/string/borrowed
Benchmarking mode_b/component_parse/string/borrowed: Warming up for 200.00 ms
Benchmarking mode_b/component_parse/string/borrowed: Collecting 30 samples in estimated 500.00 ms (18M iterations)
Benchmarking mode_b/component_parse/string/borrowed: Analyzing
mode_b/component_parse/string/borrowed
                        time:   [28.260 ns 28.287 ns 28.324 ns]
                        thrpt:  [606.07 MiB/s 606.86 MiB/s 607.44 MiB/s]
Benchmarking mode_b/component_parse/wide/field_dispatch
Benchmarking mode_b/component_parse/wide/field_dispatch: Warming up for 200.00 ms
Benchmarking mode_b/component_parse/wide/field_dispatch: Collecting 30 samples in estimated 500.01 ms (560k iterations)
Benchmarking mode_b/component_parse/wide/field_dispatch: Analyzing
mode_b/component_parse/wide/field_dispatch
                        time:   [890.27 ns 890.80 ns 891.38 ns]
                        thrpt:  [111.27 MiB/s 111.34 MiB/s 111.41 MiB/s]
Found 3 outliers among 30 measurements (10.00%)
  2 (6.67%) low mild
  1 (3.33%) high severe

Benchmarking mode_b/component_serialize/integers/fresh
Benchmarking mode_b/component_serialize/integers/fresh: Warming up for 200.00 ms
Benchmarking mode_b/component_serialize/integers/fresh: Collecting 30 samples in estimated 500.19 ms (304k iterations)
Benchmarking mode_b/component_serialize/integers/fresh: Analyzing
mode_b/component_serialize/integers/fresh
                        time:   [1.6484 µs 1.6521 µs 1.6585 µs]
                        thrpt:  [889.00 MiB/s 892.44 MiB/s 894.41 MiB/s]
Found 3 outliers among 30 measurements (10.00%)
  1 (3.33%) low mild
  2 (6.67%) high severe
Benchmarking mode_b/component_serialize/floats/fresh
Benchmarking mode_b/component_serialize/floats/fresh: Warming up for 200.00 ms
Benchmarking mode_b/component_serialize/floats/fresh: Collecting 30 samples in estimated 500.40 ms (136k iterations)
Benchmarking mode_b/component_serialize/floats/fresh: Analyzing
mode_b/component_serialize/floats/fresh
                        time:   [3.6847 µs 3.7065 µs 3.7279 µs]
                        thrpt:  [541.05 MiB/s 544.19 MiB/s 547.41 MiB/s]
Found 1 outliers among 30 measurements (3.33%)
  1 (3.33%) high mild
Benchmarking mode_b/component_serialize/string/plain
Benchmarking mode_b/component_serialize/string/plain: Warming up for 200.00 ms
Benchmarking mode_b/component_serialize/string/plain: Collecting 30 samples in estimated 500.01 ms (18M iterations)
Benchmarking mode_b/component_serialize/string/plain: Analyzing
mode_b/component_serialize/string/plain
                        time:   [27.768 ns 28.009 ns 28.341 ns]
                        thrpt:  [605.71 MiB/s 612.88 MiB/s 618.20 MiB/s]
Found 4 outliers among 30 measurements (13.33%)
  3 (10.00%) high mild
  1 (3.33%) high severe
Benchmarking mode_b/component_serialize/string/escaped
Benchmarking mode_b/component_serialize/string/escaped: Warming up for 200.00 ms
Benchmarking mode_b/component_serialize/string/escaped: Collecting 30 samples in estimated 500.01 ms (16M iterations)
Benchmarking mode_b/component_serialize/string/escaped: Analyzing
mode_b/component_serialize/string/escaped
                        time:   [33.008 ns 33.503 ns 33.902 ns]
                        thrpt:  [421.95 MiB/s 426.98 MiB/s 433.38 MiB/s]
Found 6 outliers among 30 measurements (20.00%)
  1 (3.33%) low severe
  4 (13.33%) low mild
  1 (3.33%) high mild
Benchmarking mode_b/component_serialize/wide/fresh
Benchmarking mode_b/component_serialize/wide/fresh: Warming up for 200.00 ms
Benchmarking mode_b/component_serialize/wide/fresh: Collecting 30 samples in estimated 500.02 ms (1.7M iterations)
Benchmarking mode_b/component_serialize/wide/fresh: Analyzing
mode_b/component_serialize/wide/fresh
                        time:   [284.95 ns 285.42 ns 286.01 ns]
                        thrpt:  [346.78 MiB/s 347.50 MiB/s 348.07 MiB/s]
Found 6 outliers among 30 measurements (20.00%)
  1 (3.33%) low severe
  2 (6.67%) low mild
  2 (6.67%) high mild
  1 (3.33%) high severe
Benchmarking mode_b/component_serialize/wide/buffered_writer
Benchmarking mode_b/component_serialize/wide/buffered_writer: Warming up for 200.00 ms
Benchmarking mode_b/component_serialize/wide/buffered_writer: Collecting 30 samples in estimated 500.08 ms (1.7M iterations)
Benchmarking mode_b/component_serialize/wide/buffered_writer: Analyzing
mode_b/component_serialize/wide/buffered_writer
                        time:   [294.07 ns 295.53 ns 296.87 ns]
                        thrpt:  [334.09 MiB/s 335.60 MiB/s 337.27 MiB/s]
Benchmarking mode_b/component_serialize/wide/direct_reuse
Benchmarking mode_b/component_serialize/wide/direct_reuse: Warming up for 200.00 ms
Benchmarking mode_b/component_serialize/wide/direct_reuse: Collecting 30 samples in estimated 500.12 ms (1.8M iterations)
Benchmarking mode_b/component_serialize/wide/direct_reuse: Analyzing
mode_b/component_serialize/wide/direct_reuse
                        time:   [272.18 ns 278.12 ns 289.43 ns]
                        thrpt:  [342.68 MiB/s 356.61 MiB/s 364.40 MiB/s]
Found 5 outliers among 30 measurements (16.67%)
  2 (6.67%) low mild
  2 (6.67%) high mild
  1 (3.33%) high severe

Benchmarking mode_b/depth/public_guard
Benchmarking mode_b/depth/public_guard: Warming up for 200.00 ms
Benchmarking mode_b/depth/public_guard: Collecting 30 samples in estimated 500.00 ms (22M iterations)
Benchmarking mode_b/depth/public_guard: Analyzing
mode_b/depth/public_guard
                        time:   [22.005 ns 22.051 ns 22.092 ns]
Benchmarking mode_b/depth/native/1
Benchmarking mode_b/depth/native/1: Warming up for 200.00 ms
Benchmarking mode_b/depth/native/1: Collecting 30 samples in estimated 500.00 ms (5.5M iterations)
Benchmarking mode_b/depth/native/1: Analyzing
mode_b/depth/native/1   time:   [85.230 ns 85.699 ns 86.161 ns]
                        thrpt:  [66.411 MiB/s 66.769 MiB/s 67.137 MiB/s]
Found 2 outliers among 30 measurements (6.67%)
  2 (6.67%) high mild
Benchmarking mode_b/depth/native/16
Benchmarking mode_b/depth/native/16: Warming up for 200.00 ms
Benchmarking mode_b/depth/native/16: Collecting 30 samples in estimated 500.22 ms (669k iterations)
Benchmarking mode_b/depth/native/16: Analyzing
mode_b/depth/native/16  time:   [748.92 ns 750.22 ns 751.48 ns]
                        thrpt:  [45.686 MiB/s 45.763 MiB/s 45.842 MiB/s]
Found 2 outliers among 30 measurements (6.67%)
  2 (6.67%) low mild
Benchmarking mode_b/depth/native/64
Benchmarking mode_b/depth/native/64: Warming up for 200.00 ms
Benchmarking mode_b/depth/native/64: Collecting 30 samples in estimated 500.82 ms (121k iterations)
Benchmarking mode_b/depth/native/64: Analyzing
mode_b/depth/native/64  time:   [4.0707 µs 4.1168 µs 4.1983 µs]
                        thrpt:  [29.985 MiB/s 30.578 MiB/s 30.925 MiB/s]
Found 1 outliers among 30 measurements (3.33%)
  1 (3.33%) high severe
Benchmarking mode_b/depth/native/127
Benchmarking mode_b/depth/native/127: Warming up for 200.00 ms
Benchmarking mode_b/depth/native/127: Collecting 30 samples in estimated 501.05 ms (55k iterations)
Benchmarking mode_b/depth/native/127: Analyzing
mode_b/depth/native/127 time:   [8.9136 µs 8.9835 µs 9.1189 µs]
                        thrpt:  [26.982 MiB/s 27.389 MiB/s 27.604 MiB/s]
Found 2 outliers among 30 measurements (6.67%)
  2 (6.67%) high severe

