    Finished `bench` profile [optimized] target(s) in 0.07s
     Running benches/bench_cmp.rs (target/release/deps/bench_cmp-590b984010563014)
Gnuplot not found, using plotters backend
output-size serde_json: 51013 bytes
Benchmarking serialize/twitter/serde_json
Benchmarking serialize/twitter/serde_json: Warming up for 1.0000 s
Benchmarking serialize/twitter/serde_json: Collecting 200 samples in estimated 4.9105 s (100k iterations)
Benchmarking serialize/twitter/serde_json: Analyzing
serialize/twitter/serde_json
                        time:   [48.711 µs 48.780 µs 48.855 µs]
                        thrpt:  [995.80 MiB/s 997.33 MiB/s 998.74 MiB/s]
Found 9 outliers among 200 measurements (4.50%)
  5 (2.50%) low mild
  2 (1.00%) high mild
  2 (1.00%) high severe
output-size sonic_rs: 51013 bytes
Benchmarking serialize/twitter/sonic_rs
Benchmarking serialize/twitter/sonic_rs: Warming up for 1.0000 s
Benchmarking serialize/twitter/sonic_rs: Collecting 200 samples in estimated 4.3784 s (181k iterations)
Benchmarking serialize/twitter/sonic_rs: Analyzing
serialize/twitter/sonic_rs
                        time:   [24.032 µs 24.136 µs 24.278 µs]
                        thrpt:  [1.9569 GiB/s 1.9684 GiB/s 1.9769 GiB/s]
Found 16 outliers among 200 measurements (8.00%)
  5 (2.50%) high mild
  11 (5.50%) high severe
output-size jzon: 51013 bytes
Benchmarking serialize/twitter/jzon
Benchmarking serialize/twitter/jzon: Warming up for 1.0000 s
Benchmarking serialize/twitter/jzon: Collecting 200 samples in estimated 4.2607 s (100k iterations)
Benchmarking serialize/twitter/jzon: Analyzing
serialize/twitter/jzon  time:   [42.088 µs 42.342 µs 42.658 µs]
                        thrpt:  [1.1137 GiB/s 1.1220 GiB/s 1.1288 GiB/s]
Found 15 outliers among 200 measurements (7.50%)
  2 (1.00%) low mild
  4 (2.00%) high mild
  9 (4.50%) high severe
output-size jzon_serde: 51013 bytes
Benchmarking serialize/twitter/jzon_serde
Benchmarking serialize/twitter/jzon_serde: Warming up for 1.0000 s
Benchmarking serialize/twitter/jzon_serde: Collecting 200 samples in estimated 4.9759 s (60k iterations)
Benchmarking serialize/twitter/jzon_serde: Analyzing
serialize/twitter/jzon_serde
                        time:   [82.328 µs 82.476 µs 82.668 µs]
                        thrpt:  [588.49 MiB/s 589.87 MiB/s 590.92 MiB/s]
Found 7 outliers among 200 measurements (3.50%)
  4 (2.00%) high mild
  3 (1.50%) high severe

output-size serde_json: 2090326 bytes
Benchmarking serialize/canada/serde_json
Benchmarking serialize/canada/serde_json: Warming up for 1.0000 s
Benchmarking serialize/canada/serde_json: Collecting 200 samples in estimated 4.4817 s (1200 iterations)
Benchmarking serialize/canada/serde_json: Analyzing
serialize/canada/serde_json
                        time:   [3.7279 ms 3.7499 ms 3.7713 ms]
                        thrpt:  [528.60 MiB/s 531.61 MiB/s 534.75 MiB/s]
output-size sonic_rs: 2090326 bytes
Benchmarking serialize/canada/sonic_rs
Benchmarking serialize/canada/sonic_rs: Warming up for 1.0000 s
Benchmarking serialize/canada/sonic_rs: Collecting 200 samples in estimated 4.3515 s (1000 iterations)
Benchmarking serialize/canada/sonic_rs: Analyzing
serialize/canada/sonic_rs
                        time:   [4.3519 ms 4.3627 ms 4.3755 ms]
                        thrpt:  [455.61 MiB/s 456.94 MiB/s 458.07 MiB/s]
Found 54 outliers among 200 measurements (27.00%)
  5 (2.50%) low severe
  20 (10.00%) low mild
  18 (9.00%) high mild
  11 (5.50%) high severe
output-size jzon: 2090326 bytes
Benchmarking serialize/canada/jzon
Benchmarking serialize/canada/jzon: Warming up for 1.0000 s
Benchmarking serialize/canada/jzon: Collecting 200 samples in estimated 4.4164 s (1000 iterations)
Benchmarking serialize/canada/jzon: Analyzing
serialize/canada/jzon   time:   [4.3866 ms 4.3955 ms 4.4086 ms]
                        thrpt:  [452.18 MiB/s 453.53 MiB/s 454.45 MiB/s]
Found 10 outliers among 200 measurements (5.00%)
  3 (1.50%) high mild
  7 (3.50%) high severe
output-size jzon_serde: 2090326 bytes
Benchmarking serialize/canada/jzon_serde
Benchmarking serialize/canada/jzon_serde: Warming up for 1.0000 s
Benchmarking serialize/canada/jzon_serde: Collecting 200 samples in estimated 4.2509 s (1200 iterations)
Benchmarking serialize/canada/jzon_serde: Analyzing
serialize/canada/jzon_serde
                        time:   [3.5473 ms 3.5537 ms 3.5601 ms]
                        thrpt:  [559.95 MiB/s 560.96 MiB/s 561.97 MiB/s]
Found 19 outliers among 200 measurements (9.50%)
  11 (5.50%) low severe
  6 (3.00%) high mild
  2 (1.00%) high severe

output-size serde_json/Point: 26 bytes
output-size sonic_rs/Point: 26 bytes
output-size jzon/Point: 26 bytes
output-size jzon_serde/Point: 26 bytes
output-size serde_json/Record: 52 bytes
output-size sonic_rs/Record: 52 bytes
output-size jzon/Record: 52 bytes
output-size jzon_serde/Record: 52 bytes
output-size jzon/Point/pre-alloc: 26 bytes
output-size serde_json/Point/pre-alloc: 26 bytes
output-size jzon/Record/pre-alloc: 52 bytes
output-size serde_json/Record/pre-alloc: 52 bytes
output-size serde_json: 60201 bytes
output-size sonic_rs: 60201 bytes
output-size jzon: 60201 bytes
output-size jzon_serde: 60201 bytes
output-size serde_json: 197 bytes
output-size sonic_rs: 197 bytes
output-size jzon: 197 bytes
output-size serde_json: 13750 bytes
output-size sonic_rs: 13750 bytes
output-size jzon: 13748 bytes
output-size jzon_serde: 13750 bytes
output-size jzon/reuse: 51013 bytes
output-size serde_json/reuse: 51013 bytes
output-size jzon_serde/reuse: 51013 bytes
output-size sonic_rs/fresh_to_string: 51013 bytes
output-size jzon/A/Vec_alloc: 27 bytes
output-size jzon/A/FixedBuf<128>: 27 bytes
output-size jzon/A/reuse: 27 bytes
output-size serde_json/alloc: 27 bytes
output-size serde_json/reuse: 27 bytes
output-size sonic_rs: 27 bytes
output-size jzon/A: 7601 bytes
output-size jzon/B: 7601 bytes
output-size serde_json: 7601 bytes
output-size sonic_rs: 7601 bytes
output-size jzon/A: 48255 bytes
output-size jzon/B: 48257 bytes
output-size serde_json: 48257 bytes
output-size sonic_rs: 48257 bytes
output-size jzon/A/to_json_bytes: 43464 bytes
output-size jzon/B/to_string: 43466 bytes
output-size jzon/B/streaming_to_writer: 43466 bytes
output-size serde_json/to_string: 43466 bytes
output-size serde_json/to_writer: 43466 bytes
output-size sonic_rs/to_string: 43466 bytes
output-size serde_json: 9412636 bytes
output-size sonic_rs: 9412636 bytes
output-size jzon/A: 9412636 bytes
output-size jzon/B: 9412636 bytes
output-size serde_json: 2106432 bytes
output-size sonic_rs: 2106432 bytes
output-size jzon/B: 2106432 bytes
output-size jzon/A: 1944307 bytes
