    Finished `bench` profile [optimized] target(s) in 0.06s
     Running benches/bench_cmp.rs (target/release/deps/bench_cmp-590b984010563014)
Gnuplot not found, using plotters backend
output-size serde_json: 51013 bytes
Benchmarking serialize/twitter/serde_json
Benchmarking serialize/twitter/serde_json: Warming up for 1.0000 s
Benchmarking serialize/twitter/serde_json: Collecting 200 samples in estimated 4.8460 s (100k iterations)
Benchmarking serialize/twitter/serde_json: Analyzing
serialize/twitter/serde_json
                        time:   [48.127 µs 48.257 µs 48.429 µs]
                        thrpt:  [1004.6 MiB/s 1008.1 MiB/s 1010.9 MiB/s]
Found 9 outliers among 200 measurements (4.50%)
  5 (2.50%) high mild
  4 (2.00%) high severe
output-size sonic_rs: 51013 bytes
Benchmarking serialize/twitter/sonic_rs
Benchmarking serialize/twitter/sonic_rs: Warming up for 1.0000 s
Benchmarking serialize/twitter/sonic_rs: Collecting 200 samples in estimated 4.2117 s (181k iterations)
Benchmarking serialize/twitter/sonic_rs: Analyzing
serialize/twitter/sonic_rs
                        time:   [23.146 µs 23.176 µs 23.208 µs]
                        thrpt:  [2.0471 GiB/s 2.0500 GiB/s 2.0526 GiB/s]
Found 26 outliers among 200 measurements (13.00%)
  13 (6.50%) high mild
  13 (6.50%) high severe
output-size jzon: 51013 bytes
Benchmarking serialize/twitter/jzon
Benchmarking serialize/twitter/jzon: Warming up for 1.0000 s
Benchmarking serialize/twitter/jzon: Collecting 200 samples in estimated 4.2077 s (100k iterations)
Benchmarking serialize/twitter/jzon: Analyzing
serialize/twitter/jzon  time:   [41.846 µs 41.879 µs 41.919 µs]
                        thrpt:  [1.1334 GiB/s 1.1344 GiB/s 1.1353 GiB/s]
Found 6 outliers among 200 measurements (3.00%)
  6 (3.00%) high mild
output-size jzon_serde: 51013 bytes
Benchmarking serialize/twitter/jzon_serde
Benchmarking serialize/twitter/jzon_serde: Warming up for 1.0000 s
Benchmarking serialize/twitter/jzon_serde: Collecting 200 samples in estimated 5.0188 s (60k iterations)
Benchmarking serialize/twitter/jzon_serde: Analyzing
serialize/twitter/jzon_serde
                        time:   [82.976 µs 83.049 µs 83.124 µs]
                        thrpt:  [585.27 MiB/s 585.80 MiB/s 586.31 MiB/s]
Found 7 outliers among 200 measurements (3.50%)
  4 (2.00%) high mild
  3 (1.50%) high severe

output-size serde_json: 2090326 bytes
Benchmarking serialize/canada/serde_json
Benchmarking serialize/canada/serde_json: Warming up for 1.0000 s
Benchmarking serialize/canada/serde_json: Collecting 200 samples in estimated 4.6093 s (1400 iterations)
Benchmarking serialize/canada/serde_json: Analyzing
serialize/canada/serde_json
                        time:   [3.4167 ms 3.4241 ms 3.4313 ms]
                        thrpt:  [580.97 MiB/s 582.19 MiB/s 583.45 MiB/s]
Found 31 outliers among 200 measurements (15.50%)
  22 (11.00%) low severe
  7 (3.50%) high mild
  2 (1.00%) high severe
output-size sonic_rs: 2090326 bytes
Benchmarking serialize/canada/sonic_rs
Benchmarking serialize/canada/sonic_rs: Warming up for 1.0000 s
Benchmarking serialize/canada/sonic_rs: Collecting 200 samples in estimated 4.2864 s (1000 iterations)
Benchmarking serialize/canada/sonic_rs: Analyzing
serialize/canada/sonic_rs
                        time:   [4.2798 ms 4.2885 ms 4.3003 ms]
                        thrpt:  [463.57 MiB/s 464.84 MiB/s 465.79 MiB/s]
Found 12 outliers among 200 measurements (6.00%)
  5 (2.50%) high mild
  7 (3.50%) high severe
output-size jzon: 2090326 bytes
Benchmarking serialize/canada/jzon
Benchmarking serialize/canada/jzon: Warming up for 1.0000 s
Benchmarking serialize/canada/jzon: Collecting 200 samples in estimated 4.4081 s (1000 iterations)
Benchmarking serialize/canada/jzon: Analyzing
serialize/canada/jzon   time:   [4.3847 ms 4.3936 ms 4.4054 ms]
                        thrpt:  [452.51 MiB/s 453.73 MiB/s 454.65 MiB/s]
Found 6 outliers among 200 measurements (3.00%)
  3 (1.50%) high mild
  3 (1.50%) high severe
output-size jzon_serde: 2090326 bytes
Benchmarking serialize/canada/jzon_serde
Benchmarking serialize/canada/jzon_serde: Warming up for 1.0000 s
Benchmarking serialize/canada/jzon_serde: Collecting 200 samples in estimated 4.2527 s (1200 iterations)
Benchmarking serialize/canada/jzon_serde: Analyzing
serialize/canada/jzon_serde
                        time:   [3.5366 ms 3.5446 ms 3.5535 ms]
                        thrpt:  [560.99 MiB/s 562.40 MiB/s 563.67 MiB/s]
Found 22 outliers among 200 measurements (11.00%)
  6 (3.00%) low severe
  9 (4.50%) low mild
  3 (1.50%) high mild
  4 (2.00%) high severe

output-size serde_json/Point: 26 bytes
output-size sonic_rs/Point: 26 bytes
output-size jzon/Point: 26 bytes
output-size jzon_serde/Point: 26 bytes
output-size serde_json/Record: 52 bytes
output-size sonic_rs/Record: 52 bytes
output-size jzon/Record: 52 bytes
output-size jzon_serde/Record: 52 bytes
output-size jzon/Point/pre-alloc: 26 bytes
output-size serde_json/Point/pre-alloc: 26 bytes
output-size jzon/Record/pre-alloc: 52 bytes
output-size serde_json/Record/pre-alloc: 52 bytes
output-size serde_json: 60201 bytes
output-size sonic_rs: 60201 bytes
output-size jzon: 60201 bytes
output-size jzon_serde: 60201 bytes
output-size serde_json: 197 bytes
output-size sonic_rs: 197 bytes
output-size jzon: 197 bytes
output-size serde_json: 13750 bytes
output-size sonic_rs: 13750 bytes
output-size jzon: 13748 bytes
output-size jzon_serde: 13750 bytes
output-size jzon/reuse: 51013 bytes
output-size serde_json/reuse: 51013 bytes
output-size jzon_serde/reuse: 51013 bytes
output-size sonic_rs/fresh_to_string: 51013 bytes
output-size jzon/A/Vec_alloc: 27 bytes
output-size jzon/A/FixedBuf<128>: 27 bytes
output-size jzon/A/reuse: 27 bytes
output-size serde_json/alloc: 27 bytes
output-size serde_json/reuse: 27 bytes
output-size sonic_rs: 27 bytes
output-size jzon/A: 7601 bytes
output-size jzon/B: 7601 bytes
output-size serde_json: 7601 bytes
output-size sonic_rs: 7601 bytes
output-size jzon/A: 48255 bytes
output-size jzon/B: 48257 bytes
output-size serde_json: 48257 bytes
output-size sonic_rs: 48257 bytes
output-size jzon/A/to_json_bytes: 43464 bytes
output-size jzon/B/to_string: 43466 bytes
output-size jzon/B/streaming_to_writer: 43466 bytes
output-size serde_json/to_string: 43466 bytes
output-size serde_json/to_writer: 43466 bytes
output-size sonic_rs/to_string: 43466 bytes
output-size serde_json: 9412636 bytes
output-size sonic_rs: 9412636 bytes
output-size jzon/A: 9412636 bytes
output-size jzon/B: 9412636 bytes
output-size serde_json: 2106432 bytes
output-size sonic_rs: 2106432 bytes
output-size jzon/B: 2106432 bytes
output-size jzon/A: 1944307 bytes
