    Finished `bench` profile [optimized] target(s) in 0.09s
     Running benches/bench_cmp.rs (target/release/deps/bench_cmp-590b984010563014)
Gnuplot not found, using plotters backend
output-size serde_json: 51013 bytes
Benchmarking serialize/twitter/serde_json
Benchmarking serialize/twitter/serde_json: Warming up for 1.0000 s
Benchmarking serialize/twitter/serde_json: Collecting 200 samples in estimated 4.1540 s (80k iterations)
Benchmarking serialize/twitter/serde_json: Analyzing
serialize/twitter/serde_json
                        time:   [51.399 µs 52.233 µs 53.123 µs]
                        thrpt:  [915.80 MiB/s 931.40 MiB/s 946.52 MiB/s]
Found 11 outliers among 200 measurements (5.50%)
  11 (5.50%) high mild
output-size sonic_rs: 51013 bytes
Benchmarking serialize/twitter/sonic_rs
Benchmarking serialize/twitter/sonic_rs: Warming up for 1.0000 s
Benchmarking serialize/twitter/sonic_rs: Collecting 200 samples in estimated 4.2096 s (161k iterations)
Benchmarking serialize/twitter/sonic_rs: Analyzing
serialize/twitter/sonic_rs
                        time:   [26.378 µs 26.996 µs 27.664 µs]
                        thrpt:  [1.7174 GiB/s 1.7599 GiB/s 1.8011 GiB/s]
Found 16 outliers among 200 measurements (8.00%)
  9 (4.50%) high mild
  7 (3.50%) high severe
output-size jzon: 51013 bytes
Benchmarking serialize/twitter/jzon
Benchmarking serialize/twitter/jzon: Warming up for 1.0000 s
Benchmarking serialize/twitter/jzon: Collecting 200 samples in estimated 4.9482 s (80k iterations)
Benchmarking serialize/twitter/jzon: Analyzing
serialize/twitter/jzon  time:   [51.255 µs 51.582 µs 51.946 µs]
                        thrpt:  [936.55 MiB/s 943.15 MiB/s 949.17 MiB/s]
Found 20 outliers among 200 measurements (10.00%)
  13 (6.50%) high mild
  7 (3.50%) high severe
output-size jzon_serde: 51013 bytes
Benchmarking serialize/twitter/jzon_serde
Benchmarking serialize/twitter/jzon_serde: Warming up for 1.0000 s
Benchmarking serialize/twitter/jzon_serde: Collecting 200 samples in estimated 5.9868 s (60k iterations)
Benchmarking serialize/twitter/jzon_serde: Analyzing
serialize/twitter/jzon_serde
                        time:   [94.210 µs 95.212 µs 96.252 µs]
                        thrpt:  [505.44 MiB/s 510.96 MiB/s 516.40 MiB/s]
Found 38 outliers among 200 measurements (19.00%)
  13 (6.50%) high mild
  25 (12.50%) high severe

output-size serde_json: 2090326 bytes
Benchmarking serialize/canada/serde_json
Benchmarking serialize/canada/serde_json: Warming up for 1.0000 s
Benchmarking serialize/canada/serde_json: Collecting 200 samples in estimated 4.2783 s (1200 iterations)
Benchmarking serialize/canada/serde_json: Analyzing
serialize/canada/serde_json
                        time:   [3.3949 ms 3.4148 ms 3.4363 ms]
                        thrpt:  [580.12 MiB/s 583.78 MiB/s 587.20 MiB/s]
Found 16 outliers among 200 measurements (8.00%)
  7 (3.50%) high mild
  9 (4.50%) high severe
output-size sonic_rs: 2090326 bytes
Benchmarking serialize/canada/sonic_rs
Benchmarking serialize/canada/sonic_rs: Warming up for 1.0000 s
Benchmarking serialize/canada/sonic_rs: Collecting 200 samples in estimated 4.4241 s (1000 iterations)
Benchmarking serialize/canada/sonic_rs: Analyzing
serialize/canada/sonic_rs
                        time:   [4.3887 ms 4.4152 ms 4.4453 ms]
                        thrpt:  [448.44 MiB/s 451.50 MiB/s 454.23 MiB/s]
Found 20 outliers among 200 measurements (10.00%)
  12 (6.00%) high mild
  8 (4.00%) high severe
output-size jzon: 2090326 bytes
Benchmarking serialize/canada/jzon
Benchmarking serialize/canada/jzon: Warming up for 1.0000 s
Benchmarking serialize/canada/jzon: Collecting 200 samples in estimated 4.4305 s (1000 iterations)
Benchmarking serialize/canada/jzon: Analyzing
serialize/canada/jzon   time:   [4.4171 ms 4.4334 ms 4.4539 ms]
                        thrpt:  [447.59 MiB/s 449.65 MiB/s 451.31 MiB/s]
Found 12 outliers among 200 measurements (6.00%)
  6 (3.00%) high mild
  6 (3.00%) high severe
output-size jzon_serde: 2090326 bytes
Benchmarking serialize/canada/jzon_serde
Benchmarking serialize/canada/jzon_serde: Warming up for 1.0000 s
Benchmarking serialize/canada/jzon_serde: Collecting 200 samples in estimated 4.5440 s (1200 iterations)
Benchmarking serialize/canada/jzon_serde: Analyzing
serialize/canada/jzon_serde
                        time:   [3.8416 ms 3.8628 ms 3.8876 ms]
                        thrpt:  [512.78 MiB/s 516.07 MiB/s 518.93 MiB/s]
Found 19 outliers among 200 measurements (9.50%)
  9 (4.50%) high mild
  10 (5.00%) high severe

output-size serde_json/Point: 26 bytes
output-size sonic_rs/Point: 26 bytes
output-size jzon/Point: 26 bytes
output-size jzon_serde/Point: 26 bytes
output-size serde_json/Record: 52 bytes
output-size sonic_rs/Record: 52 bytes
output-size jzon/Record: 52 bytes
output-size jzon_serde/Record: 52 bytes
output-size jzon/Point/pre-alloc: 26 bytes
output-size serde_json/Point/pre-alloc: 26 bytes
output-size jzon/Record/pre-alloc: 52 bytes
output-size serde_json/Record/pre-alloc: 52 bytes
output-size serde_json: 60201 bytes
output-size sonic_rs: 60201 bytes
output-size jzon: 60201 bytes
output-size jzon_serde: 60201 bytes
output-size serde_json: 197 bytes
output-size sonic_rs: 197 bytes
output-size jzon: 197 bytes
output-size serde_json: 13750 bytes
output-size sonic_rs: 13750 bytes
output-size jzon: 13748 bytes
output-size jzon_serde: 13750 bytes
output-size jzon/reuse: 51013 bytes
output-size serde_json/reuse: 51013 bytes
output-size jzon_serde/reuse: 51013 bytes
output-size sonic_rs/fresh_to_string: 51013 bytes
output-size jzon/A/Vec_alloc: 27 bytes
output-size jzon/A/FixedBuf<128>: 27 bytes
output-size jzon/A/reuse: 27 bytes
output-size serde_json/alloc: 27 bytes
output-size serde_json/reuse: 27 bytes
output-size sonic_rs: 27 bytes
output-size jzon/A: 7601 bytes
output-size jzon/B: 7601 bytes
output-size serde_json: 7601 bytes
output-size sonic_rs: 7601 bytes
output-size jzon/A: 48255 bytes
output-size jzon/B: 48257 bytes
output-size serde_json: 48257 bytes
output-size sonic_rs: 48257 bytes
output-size jzon/A/to_json_bytes: 43464 bytes
output-size jzon/B/to_string: 43466 bytes
output-size jzon/B/buffered_to_writer: 43466 bytes
output-size serde_json/to_string: 43466 bytes
output-size serde_json/to_writer: 43466 bytes
output-size sonic_rs/to_string: 43466 bytes
output-size serde_json: 9412636 bytes
output-size sonic_rs: 9412636 bytes
output-size jzon/A: 9412636 bytes
output-size jzon/B: 9412636 bytes
output-size serde_json: 2106432 bytes
output-size sonic_rs: 2106432 bytes
output-size jzon/B: 2106432 bytes
output-size jzon/A: 1944307 bytes
