    Finished `dev` profile [unoptimized + debuginfo] target(s) in 0.06s
     Running `fixtures/facade/target/debug/facade-consumer`
    Finished `dev` profile [unoptimized + debuginfo] target(s) in 0.03s
     Running `fixtures/facade/target/debug/facade-consumer`
   Compiling jzon-rs v0.3.0 (/home/meme/Documentos/GitHub/jzon-rs/crates/jzon)
   Compiling jzon-rs-serde v0.3.0 (/home/meme/Documentos/GitHub/jzon-rs/crates/jzon_serde)
   Compiling native-consumer v0.0.0 (/home/meme/Documentos/GitHub/jzon-rs/fixtures/native)
    Finished `dev` profile [unoptimized + debuginfo] target(s) in 0.56s
     Running `fixtures/native/target/debug/native-consumer`
    Finished `dev` profile [unoptimized + debuginfo] target(s) in 0.02s
    Finished `dev` profile [unoptimized + debuginfo] target(s) in 0.02s
     Running `fixtures/interop/target/debug/interop-consumer`
warning: function `try_write_escaped_key_sink` is never used
  --> /home/meme/Documentos/GitHub/jzon-rs/crates/jzon/src/ser.rs:85:15
   |
85 | pub(crate) fn try_write_escaped_key_sink<S: SerializeSink>(
   |               ^^^^^^^^^^^^^^^^^^^^^^^^^^
   |
   = note: `#[warn(dead_code)]` (part of `#[warn(unused)]`) on by default

warning: `jzon-rs` (lib) generated 1 warning
    Finished `dev` profile [unoptimized + debuginfo] target(s) in 0.03s
     Running `fixtures/derive/target/debug/derive-consumer`
PASS expected compile rejection: borrow_outlives
PASS expected compile rejection: unsupported_attr
