    Blocking waiting for file lock on build directory
    Checking jzon-rs v0.4.0 (/home/meme/Documentos/GitHub/jzon-rs/crates/jzon)
    Checking jzon-rs-serde v0.4.0 (/home/meme/Documentos/GitHub/jzon-rs/crates/jzon_serde)
error: unused import: `Error`
 --> crates/jzon/tests/integration.rs:4:12
  |
4 | use jzon::{Error, FromJson, ToJson};
  |            ^^^^^
  |
  = note: `-D unused-imports` implied by `-D warnings`
  = help: to override `-D warnings` add `#[allow(unused_imports)]`

error: fields `a`, `b`, `c`, and `d` are never read
   --> crates/jzon/tests/readme_features.rs:355:9
    |
354 |     struct Multi {
    |            ----- fields in this struct
355 |         a: u32,
    |         ^
356 |         b: u32,
    |         ^
357 |         c: u32,
    |         ^
358 |         d: u32,
    |         ^
    |
    = note: `-D dead-code` implied by `-D warnings`
    = help: to override `-D warnings` add `#[expect(dead_code)]` or `#[allow(dead_code)]`

error: could not compile `jzon-rs` (test "readme_features") due to 1 previous error
warning: build failed, waiting for other jobs to finish...
error: approximate value of `f{32, 64}::consts::E` found
  --> crates/jzon/src/compat.rs:77:20
   |
77 |             score: 2.718,
   |                    ^^^^^
   |
   = help: consider using the constant directly
   = help: for further information visit https://rust-lang.github.io/rust-clippy/rust-1.97.0/index.html#approx_constant
   = note: `#[deny(clippy::approx_constant)]` on by default

error: could not compile `jzon-rs` (lib test) due to 1 previous error
error: could not compile `jzon-rs` (test "integration") due to 1 previous error
