    Finished `dev` profile [unoptimized + debuginfo] target(s) in 0.03s
     Running `fixtures/facade/target/debug/facade-consumer`
    Finished `dev` profile [unoptimized + debuginfo] target(s) in 0.03s
     Running `fixtures/facade/target/debug/facade-consumer`
   Compiling jzon-rs v0.4.0 (/home/meme/Documentos/GitHub/jzon-rs/crates/jzon)
error[E0609]: no field `first` on type `ReaderEnum<'a, R>`
   --> /home/meme/Documentos/GitHub/jzon-rs/crates/jzon/src/serde_impl/reader.rs:705:14
    |
705 |         self.first = false;
    |              ^^^^^ unknown field
    |
    = note: available field is: `de`

For more information about this error, try `rustc --explain E0609`.
error: could not compile `jzon-rs` (lib) due to 1 previous error
Traceback (most recent call last):
  File "/home/meme/Documentos/GitHub/jzon-rs/tools/check-consumers.py", line 8, in <module>
    subprocess.run(cmd,check=True)
    ~~~~~~~~~~~~~~^^^^^^^^^^^^^^^^
  File "/usr/lib/python3.14/subprocess.py", line 578, in run
    raise CalledProcessError(retcode, process.args,
                             output=stdout, stderr=stderr)
subprocess.CalledProcessError: Command '['cargo', 'run', '--manifest-path', 'fixtures/native/Cargo.toml', '--locked']' returned non-zero exit status 101.
