    Finished `dev` profile [unoptimized + debuginfo] target(s) in 0.11s
     Running `fixtures/facade/target/debug/facade-consumer`
    Finished `dev` profile [unoptimized + debuginfo] target(s) in 0.04s
     Running `fixtures/facade/target/debug/facade-consumer`
   Compiling jzon-rs v0.4.0 (/home/meme/Documentos/GitHub/jzon-rs/crates/jzon)
   Compiling jzon-rs-serde v0.4.0 (/home/meme/Documentos/GitHub/jzon-rs/crates/jzon_serde)
   Compiling native-consumer v0.0.0 (/home/meme/Documentos/GitHub/jzon-rs/fixtures/native)
    Finished `dev` profile [unoptimized + debuginfo] target(s) in 1.26s
     Running `fixtures/native/target/debug/native-consumer`
    Finished `dev` profile [unoptimized + debuginfo] target(s) in 0.11s
    Finished `dev` profile [unoptimized + debuginfo] target(s) in 0.06s
     Running `fixtures/interop/target/debug/interop-consumer`
warning: method `location` is never used
   --> /home/meme/Documentos/GitHub/jzon-rs/crates/jzon/src/scanner.rs:131:19
    |
103 | impl<'de> Scanner<'de> {
    | ---------------------- method in this implementation
...
131 |     pub(crate) fn location(&self, offset: usize) -> (usize, usize) {
    |                   ^^^^^^^^
    |
    = note: `#[warn(dead_code)]` (part of `#[warn(unused)]`) on by default

warning: function `try_write_escaped_key_sink` is never used
  --> /home/meme/Documentos/GitHub/jzon-rs/crates/jzon/src/ser.rs:90:15
   |
90 | pub(crate) fn try_write_escaped_key_sink<S: SerializeSink>(
   |               ^^^^^^^^^^^^^^^^^^^^^^^^^^

warning: `jzon-rs` (lib) generated 2 warnings
    Finished `dev` profile [unoptimized + debuginfo] target(s) in 0.16s
     Running `fixtures/derive/target/debug/derive-consumer`
    Checking jzon-rs v0.4.0 (/home/meme/Documentos/GitHub/jzon-rs/crates/jzon)
    Checking native-alloc-consumer v0.0.0 (/home/meme/Documentos/GitHub/jzon-rs/fixtures/native-alloc)
    Finished `dev` profile [unoptimized + debuginfo] target(s) in 0.85s
PASS expected compile rejection: borrow_outlives
PASS expected compile rejection: unsupported_attr
