    Updating crates.io index
warning: patch `jzon-rs-serde v0.4.0 (/home/meme/Documentos/GitHub/jzon-rs/crates/jzon_serde)` was not used in the crate graph
help: Check that the patched package version and available features are compatible
      with the dependency requirements. If the patch has a different version from
      what is locked in the Cargo.lock file, run `cargo update` to use the new
      version. This may also occur with an optional dependency that is not enabled.
     Locking 17 packages to latest compatible versions
VERIFIED safe source: path+file:///home/meme/Documentos/GitHub/jzon-rs/vendor/serde_json#1.0.151 38353024d53c49cdf30af6f4fa9809b8b6da1b63a20e8fb4dd45da5c8d4ca987
warning: patch `jzon-rs-serde v0.4.0 (/home/meme/Documentos/GitHub/jzon-rs/crates/jzon_serde)` was not used in the crate graph
help: Check that the patched package version and available features are compatible
      with the dependency requirements. If the patch has a different version from
      what is locked in the Cargo.lock file, run `cargo update` to use the new
      version. This may also occur with an optional dependency that is not enabled.
   Compiling proc-macro2 v1.0.107
   Compiling unicode-ident v1.0.26
   Compiling quote v1.0.47
   Compiling serde_core v1.0.229
   Compiling zmij v1.0.23
   Compiling serde_json v1.0.151 (/home/meme/Documentos/GitHub/jzon-rs/vendor/serde_json)
   Compiling itoa v1.0.18
   Compiling memchr v2.8.3
   Compiling serde v1.0.229
   Compiling ryu v1.0.23
   Compiling fast-float2 v0.2.4
   Compiling syn v3.0.6
   Compiling syn v2.0.119
   Compiling jzon-rs-compat v0.4.0 (/home/meme/Documentos/GitHub/jzon-rs/crates/jzon_compat)
   Compiling serde_derive v1.0.229
   Compiling jzon-rs-derive v0.4.0 (/home/meme/Documentos/GitHub/jzon-rs/crates/jzon_derive)
   Compiling jzon-rs v0.4.0 (/home/meme/Documentos/GitHub/jzon-rs/crates/jzon)
   Compiling safe-source-consumer v0.0.0 (/tmp/jzon-safe-consumer-zdly9swe/consumer)
    Finished `dev` profile [unoptimized + debuginfo] target(s) in 16.06s
     Running `/home/meme/.rustup/toolchains/nightly-x86_64-unknown-linux-gnu/bin/cargo-miri runner /tmp/jzon-safe-consumer-zdly9swe/consumer/target/miri/x86_64-unknown-linux-gnu/debug/safe-source-consumer`
