   Compiling jzon-rs v0.4.0 (/home/meme/Documentos/GitHub/jzon-rs/crates/jzon)
   Compiling jzon-rs-serde v0.4.0 (/home/meme/Documentos/GitHub/jzon-rs/crates/jzon_serde)
    Finished `test` profile [unoptimized + debuginfo] target(s) in 2.14s
     Running tests/depth_safety.rs (target/miri/x86_64-unknown-linux-gnu/debug/deps/depth_safety-5ed2de55056713d4)

running 4 tests
test guard_owns_state_after_owner_drops ... ok
test native_deserializer_restores_budget_after_visitor_unwind ... ok
test public_string_variant_cannot_bypass_escaping ... ok
test restores_on_error_and_unwind ... ok

test result: ok. 4 passed; 0 failed; 0 ignored; 0 measured; 0 filtered out; finished in 1.58s

     Running tests/native_errors.rs (target/miri/x86_64-unknown-linux-gnu/debug/deps/native_errors-34bc972d318bd0f3)

running 2 tests
test categories_positions_and_public_constructor ... ok
test valid_wrong_types_are_data_errors ... ok

test result: ok. 2 passed; 0 failed; 0 ignored; 0 measured; 0 filtered out; finished in 1.70s

     Running tests/optimizations.rs (target/miri/x86_64-unknown-linux-gnu/debug/deps/optimizations-da08752d507fbc73)

running 10 tests
test buffered_writer_keeps_its_explicit_contract ... ok
test dedicated_structs_and_variants_match_reference ... ok
test emitted_strings_match_oracle_at_dispatch_boundaries ... ok
test native_128_bit_endpoints_use_fallible_sinks ... ok
test raw_and_number_protocols_stream_without_materialization ... ok
test reusable_and_streaming_serializers_recover_ownership_after_unwind ... ok
test reusable_serializer_preserves_capacity_and_partial_output ... ok
test scratch_reuses_small_strings_and_releases_oversized_on_unwind ... ok
test short_key_batching_validates_names_and_preserves_error_order ... ok
test streaming_io_and_callback_order_match_reference ... ok

test result: ok. 10 passed; 0 failed; 0 ignored; 0 measured; 0 filtered out; finished in 189.19s

     Running tests/pr21_native_map_regressions.rs (target/miri/x86_64-unknown-linux-gnu/debug/deps/pr21_native_map_regressions-82ee9df08378a934)

running 8 tests
test bool_callback_requires_complete_lexeme ... ok
test boolean_key_lexemes ... ok
test byte_key_callbacks_and_model ... ok
test custom_unit_visitor_consumes_quoted_key ... ok
test enum_key_grammar ... ok
test invalid_key_never_invokes_seed ... ok
test missing_unit_keys ... ok
test non_ascii_boolean_keys_use_slice_oracle ... ok

test result: ok. 8 passed; 0 failed; 0 ignored; 0 measured; 0 filtered out; finished in 6.17s

     Running tests/readiness.rs (target/miri/x86_64-unknown-linux-gnu/debug/deps/readiness-a4cb061197697475)

running 21 tests
test byte_model ... ok
test container_matrix ... ok
test derived_attribute_and_enum_matrix ... ok
test early_visitors_must_finish ... ok
test escaped_capacity_is_local ... ok
test exactly_one_scalar ... ok
test float_bits_match_equivalent_configuration ... ok
test ignored_strings_validate ... ok
test integer_boundaries ... ok
test iterative_ignored_and_raw_follow_upstream_depth_policy ... ok
test map_key_grammar ... ok
test raw_and_ignored_have_distinct_unicode_contracts ... ok
test recursion_boundaries_match_reference ... ok
test reusable_buffer_restores_partial_output_on_error_and_panic ... ok
test reuse_buffer_and_failure_output ... ok
test scalar_callback_traces ... ok
test scalar_serialization_matches_reference ... ok
test structs_accept_reference_sequence_representation ... ok
test tuple_completion ... ok
test unsized_native_api ... ok
test whitespace_bulk_blocks_reject_other_controls ... ok

test result: ok. 21 passed; 0 failed; 0 ignored; 0 measured; 0 filtered out; finished in 70.82s

     Running tests/upstream_safety.rs (target/miri/x86_64-unknown-linux-gnu/debug/deps/upstream_safety-53e0316d19f9ccc3)

running 1 test
test both_facades_public_constructors_and_streams ... ok

test result: ok. 1 passed; 0 failed; 0 ignored; 0 measured; 0 filtered out; finished in 1.71s
