   Compiling itoa v1.0.18
   Compiling ryu v1.0.23
   Compiling fast-float2 v0.2.4
   Compiling jzon-rs-derive v0.4.0 (/home/meme/Documentos/GitHub/jzon-rs/crates/jzon_derive)
   Compiling jzon-rs v0.4.0 (/home/meme/Documentos/GitHub/jzon-rs/crates/jzon)
warning: method `location` is never used
   --> /home/meme/Documentos/GitHub/jzon-rs/crates/jzon/src/scanner.rs:131:19
    |
103 | impl<'de> Scanner<'de> {
    | ---------------------- method in this implementation
...
131 |     pub(crate) fn location(&self, offset: usize) -> (usize, usize) {
    |                   ^^^^^^^^
    |
    = note: `#[warn(dead_code)]` on by default

warning: function `try_write_escaped_key_sink` is never used
  --> /home/meme/Documentos/GitHub/jzon-rs/crates/jzon/src/ser.rs:90:15
   |
90 | pub(crate) fn try_write_escaped_key_sink<S: SerializeSink>(
   |               ^^^^^^^^^^^^^^^^^^^^^^^^^^

warning: `jzon-rs` (lib) generated 2 warnings
   Compiling derive-consumer v0.0.0 (/home/meme/Documentos/GitHub/jzon-rs/fixtures/derive)
    Finished dev [unoptimized + debuginfo] target(s) in 3.61s
     Running `fixtures/derive/target/debug/derive-consumer`
