   Compiling jzon-rs v0.4.0 (/home/meme/Documentos/GitHub/jzon-rs/crates/jzon)
    Finished `test` profile [unoptimized + debuginfo] target(s) in 1.55s
     Running tests/native_errors.rs (target/debug/deps/native_errors-7ffde1738847a8a4)

running 2 tests
test categories_positions_and_public_constructor ... ok
test valid_wrong_types_are_data_errors ... ok

test result: ok. 2 passed; 0 failed; 0 ignored; 0 measured; 0 filtered out; finished in 0.00s

     Running tests/native_reader.rs (target/debug/deps/native_reader-16274ddf4f848fb0)

running 10 tests
test borrowed_slice_stream ... ok
test callbacks_once_and_error_precedence ... ok
test errors_and_truncated_io ... ok
test raw_ignored_and_byte_models ... ok
test reader_bytes_are_transient_and_match_reference ... ok
test fragmented_values_and_enums ... ok
test reader_custom_key_visitors ... ok
test stream_partial_consumption_and_fused_errors ... ok
test reader_budget_recovers_after_visitor_unwind ... ok
test storage_is_not_document_sized ... ok

test result: ok. 10 passed; 0 failed; 0 ignored; 0 measured; 0 filtered out; finished in 0.26s
