   Compiling jzon-rs v0.4.0 (/home/meme/Documentos/GitHub/jzon-rs/crates/jzon)
   Compiling jzon-rs-serde v0.4.0 (/home/meme/Documentos/GitHub/jzon-rs/crates/jzon_serde)
    Finished `bench` profile [optimized] target(s) in 13.88s
     Running benches/bench_reader.rs (target/release/deps/bench_reader-dc1423d082c94073)
Gnuplot not found, using plotters backend
Benchmarking reader_full_u32_array/native_incremental
Benchmarking reader_full_u32_array/native_incremental: Warming up for 1.0000 s
Benchmarking reader_full_u32_array/native_incremental: Collecting 30 samples in estimated 2.2498 s (1860 iterations)
Benchmarking reader_full_u32_array/native_incremental: Analyzing
reader_full_u32_array/native_incremental
                        time:   [1.2971 ms 1.4012 ms 1.5115 ms]
                        thrpt:  [30.848 MiB/s 33.275 MiB/s 35.947 MiB/s]
                 change:
                        time:   [+35.812% +46.900% +59.835%] (p = 0.00 < 0.05)
                        thrpt:  [-37.436% -31.926% -26.369%]
                        Performance has regressed.
Found 2 outliers among 30 measurements (6.67%)
  1 (3.33%) high mild
  1 (3.33%) high severe
Benchmarking reader_full_u32_array/native_buffered
Benchmarking reader_full_u32_array/native_buffered: Warming up for 1.0000 s
Benchmarking reader_full_u32_array/native_buffered: Collecting 30 samples in estimated 2.2179 s (4185 iterations)
Benchmarking reader_full_u32_array/native_buffered: Analyzing
reader_full_u32_array/native_buffered
                        time:   [513.74 µs 521.49 µs 529.45 µs]
                        thrpt:  [88.065 MiB/s 89.410 MiB/s 90.759 MiB/s]
                 change:
                        time:   [+18.989% +25.184% +31.199%] (p = 0.00 < 0.05)
                        thrpt:  [-23.780% -20.118% -15.959%]
                        Performance has regressed.
Benchmarking reader_full_u32_array/patched_reference
Benchmarking reader_full_u32_array/patched_reference: Warming up for 1.0000 s
Benchmarking reader_full_u32_array/patched_reference: Collecting 30 samples in estimated 2.1675 s (5580 iterations)
Benchmarking reader_full_u32_array/patched_reference: Analyzing
reader_full_u32_array/patched_reference
                        time:   [412.00 µs 440.05 µs 471.51 µs]
                        thrpt:  [98.887 MiB/s 105.96 MiB/s 113.17 MiB/s]
                 change:
                        time:   [+29.504% +37.110% +46.035%] (p = 0.00 < 0.05)
                        thrpt:  [-31.523% -27.066% -22.782%]
                        Performance has regressed.
Found 5 outliers among 30 measurements (16.67%)
  2 (6.67%) high mild
  3 (10.00%) high severe
