   Compiling jzon-fuzz v0.0.0 (/home/meme/Documentos/GitHub/jzon-rs/fuzz)
    Finished `release` profile [optimized + debuginfo] target(s) in 5.61s
    Finished `release` profile [optimized + debuginfo] target(s) in 0.04s
     Running `target/x86_64-unknown-linux-gnu/release/native -artifact_prefix=/home/meme/Documentos/GitHub/jzon-rs/fuzz/artifacts/native/ -max_total_time=30 -max_len=4096 -rss_limit_mb=512 /home/meme/Documentos/GitHub/jzon-rs/fuzz/corpus/native`
INFO: Running with entropic power schedule (0xFF, 100).
INFO: Seed: 390325843
INFO: Loaded 1 modules   (13039 inline 8-bit counters): 13039 [0x55c2616e3b10, 0x55c2616e6dff),
INFO: Loaded 1 PC tables (13039 PCs): 13039 [0x55c2616e6e00,0x55c261719cf0),
INFO:     6038 files found in /home/meme/Documentos/GitHub/jzon-rs/fuzz/corpus/native
INFO: seed corpus: files: 6038 min: 1b max: 4083b total: 788788b rss: 53Mb
#6039	INITED cov: 2923 ft: 15094 corp: 1781/188Kb exec/s: 3019 rss: 154Mb
#6807	REDUCE cov: 2923 ft: 15094 corp: 1781/188Kb lim: 4094 exec/s: 3403 rss: 157Mb L: 22/4083 MS: 3 CopyPart-ChangeBit-EraseBytes-
#7664	REDUCE cov: 2923 ft: 15094 corp: 1781/188Kb lim: 4094 exec/s: 3832 rss: 160Mb L: 23/4083 MS: 2 EraseBytes-ChangeBit-
#7675	REDUCE cov: 2923 ft: 15094 corp: 1781/188Kb lim: 4094 exec/s: 3837 rss: 161Mb L: 63/4083 MS: 1 EraseBytes-
#7727	REDUCE cov: 2923 ft: 15094 corp: 1781/188Kb lim: 4094 exec/s: 3863 rss: 161Mb L: 155/4083 MS: 2 InsertRepeatedBytes-EraseBytes-
#8140	NEW    cov: 2923 ft: 15096 corp: 1782/188Kb lim: 4094 exec/s: 4070 rss: 162Mb L: 9/4083 MS: 3 ChangeASCIIInt-EraseBytes-ChangeByte-
#8192	pulse  cov: 2923 ft: 15096 corp: 1782/188Kb lim: 4094 exec/s: 4096 rss: 163Mb
#8432	REDUCE cov: 2923 ft: 15096 corp: 1782/188Kb lim: 4094 exec/s: 4216 rss: 163Mb L: 20/4083 MS: 2 EraseBytes-ShuffleBytes-
#9974	REDUCE cov: 2923 ft: 15096 corp: 1782/188Kb lim: 4096 exec/s: 4987 rss: 169Mb L: 15/4083 MS: 2 ChangeASCIIInt-EraseBytes-
#10866	REDUCE cov: 2923 ft: 15096 corp: 1782/188Kb lim: 4096 exec/s: 5433 rss: 172Mb L: 25/4083 MS: 2 InsertByte-EraseBytes-
#11208	REDUCE cov: 2923 ft: 15096 corp: 1782/188Kb lim: 4096 exec/s: 5604 rss: 174Mb L: 39/4083 MS: 2 ChangeByte-EraseBytes-
#11516	REDUCE cov: 2923 ft: 15096 corp: 1782/188Kb lim: 4096 exec/s: 5758 rss: 175Mb L: 24/4083 MS: 3 ShuffleBytes-CopyPart-EraseBytes-
#11527	REDUCE cov: 2923 ft: 15096 corp: 1782/188Kb lim: 4096 exec/s: 5763 rss: 175Mb L: 11/4083 MS: 1 EraseBytes-
#11859	REDUCE cov: 2923 ft: 15096 corp: 1782/188Kb lim: 4096 exec/s: 5929 rss: 177Mb L: 36/4083 MS: 2 CopyPart-EraseBytes-
#12250	REDUCE cov: 2923 ft: 15096 corp: 1782/188Kb lim: 4096 exec/s: 6125 rss: 179Mb L: 150/4083 MS: 1 EraseBytes-
#12853	NEW    cov: 2923 ft: 15097 corp: 1783/188Kb lim: 4096 exec/s: 4284 rss: 181Mb L: 41/4083 MS: 3 ShuffleBytes-CrossOver-CopyPart-
#12949	REDUCE cov: 2923 ft: 15097 corp: 1783/188Kb lim: 4096 exec/s: 4316 rss: 182Mb L: 5/4083 MS: 1 EraseBytes-
#13460	NEW    cov: 2923 ft: 15098 corp: 1784/188Kb lim: 4096 exec/s: 4486 rss: 184Mb L: 138/4083 MS: 1 CopyPart-
#13896	NEW    cov: 2923 ft: 15103 corp: 1785/188Kb lim: 4096 exec/s: 4632 rss: 190Mb L: 39/4083 MS: 1 CopyPart-
#14473	REDUCE cov: 2923 ft: 15103 corp: 1785/188Kb lim: 4096 exec/s: 4824 rss: 191Mb L: 86/4083 MS: 2 CMP-EraseBytes- DE: "pp"-
#15804	REDUCE cov: 2923 ft: 15103 corp: 1785/188Kb lim: 4096 exec/s: 5268 rss: 195Mb L: 52/4083 MS: 1 EraseBytes-
#15990	REDUCE cov: 2923 ft: 15103 corp: 1785/188Kb lim: 4096 exec/s: 5330 rss: 195Mb L: 339/4083 MS: 1 EraseBytes-
#16071	REDUCE cov: 2923 ft: 15103 corp: 1785/188Kb lim: 4096 exec/s: 5357 rss: 196Mb L: 50/4083 MS: 1 EraseBytes-
#16192	REDUCE cov: 2923 ft: 15103 corp: 1785/188Kb lim: 4096 exec/s: 5397 rss: 197Mb L: 7/4083 MS: 1 EraseBytes-
#16384	pulse  cov: 2923 ft: 15103 corp: 1785/188Kb lim: 4096 exec/s: 5461 rss: 197Mb
#18039	REDUCE cov: 2923 ft: 15103 corp: 1785/188Kb lim: 4096 exec/s: 6013 rss: 204Mb L: 73/4083 MS: 2 ShuffleBytes-EraseBytes-
#18102	REDUCE cov: 2923 ft: 15103 corp: 1785/188Kb lim: 4096 exec/s: 6034 rss: 204Mb L: 345/4083 MS: 3 ChangeByte-ChangeASCIIInt-EraseBytes-
#18783	REDUCE cov: 2923 ft: 15103 corp: 1785/188Kb lim: 4096 exec/s: 6261 rss: 206Mb L: 44/4083 MS: 1 EraseBytes-
#19274	REDUCE cov: 2923 ft: 15103 corp: 1785/188Kb lim: 4096 exec/s: 6424 rss: 208Mb L: 28/4083 MS: 1 EraseBytes-
#20135	REDUCE cov: 2923 ft: 15103 corp: 1785/188Kb lim: 4096 exec/s: 6711 rss: 212Mb L: 35/4083 MS: 1 EraseBytes-
#21269	REDUCE cov: 2923 ft: 15103 corp: 1785/188Kb lim: 4096 exec/s: 7089 rss: 217Mb L: 31/4083 MS: 4 EraseBytes-ChangeByte-ShuffleBytes-ChangeByte-
#21555	REDUCE cov: 2923 ft: 15103 corp: 1785/188Kb lim: 4096 exec/s: 7185 rss: 217Mb L: 4/4083 MS: 1 EraseBytes-
#22841	REDUCE cov: 2923 ft: 15103 corp: 1785/188Kb lim: 4096 exec/s: 5710 rss: 224Mb L: 896/4083 MS: 1 EraseBytes-
#23017	REDUCE cov: 2923 ft: 15103 corp: 1785/188Kb lim: 4096 exec/s: 5754 rss: 224Mb L: 62/4083 MS: 1 EraseBytes-
#24218	REDUCE cov: 2923 ft: 15103 corp: 1785/188Kb lim: 4096 exec/s: 6054 rss: 228Mb L: 24/4083 MS: 1 EraseBytes-
#24494	REDUCE cov: 2923 ft: 15103 corp: 1785/188Kb lim: 4096 exec/s: 6123 rss: 230Mb L: 3/4083 MS: 1 EraseBytes-
#24600	REDUCE cov: 2923 ft: 15103 corp: 1785/188Kb lim: 4096 exec/s: 6150 rss: 230Mb L: 171/4083 MS: 1 EraseBytes-
#24841	REDUCE cov: 2923 ft: 15103 corp: 1785/188Kb lim: 4096 exec/s: 6210 rss: 231Mb L: 151/4083 MS: 1 EraseBytes-
#25547	REDUCE cov: 2923 ft: 15103 corp: 1785/188Kb lim: 4096 exec/s: 6386 rss: 233Mb L: 307/4083 MS: 1 EraseBytes-
#26563	REDUCE cov: 2923 ft: 15103 corp: 1785/188Kb lim: 4096 exec/s: 6640 rss: 237Mb L: 1755/4083 MS: 1 EraseBytes-
#28354	REDUCE cov: 2923 ft: 15103 corp: 1785/188Kb lim: 4096 exec/s: 7088 rss: 242Mb L: 386/4083 MS: 1 EraseBytes-
#29630	NEW    cov: 2923 ft: 15225 corp: 1786/190Kb lim: 4096 exec/s: 5926 rss: 247Mb L: 2061/4083 MS: 1 CopyPart-
#31127	REDUCE cov: 2923 ft: 15225 corp: 1786/190Kb lim: 4096 exec/s: 6225 rss: 257Mb L: 184/4083 MS: 1 EraseBytes-
#31784	REDUCE cov: 2923 ft: 15225 corp: 1786/190Kb lim: 4096 exec/s: 6356 rss: 259Mb L: 12/4083 MS: 2 ShuffleBytes-EraseBytes-
#32020	REDUCE cov: 2923 ft: 15225 corp: 1786/190Kb lim: 4096 exec/s: 6404 rss: 260Mb L: 33/4083 MS: 1 EraseBytes-
#32336	REDUCE cov: 2923 ft: 15225 corp: 1786/189Kb lim: 4096 exec/s: 6467 rss: 261Mb L: 1551/4083 MS: 1 EraseBytes-
#32547	REDUCE cov: 2923 ft: 15225 corp: 1786/189Kb lim: 4096 exec/s: 6509 rss: 262Mb L: 1419/4083 MS: 1 EraseBytes-
#32768	pulse  cov: 2923 ft: 15225 corp: 1786/189Kb lim: 4096 exec/s: 6553 rss: 263Mb
#33378	REDUCE cov: 2923 ft: 15225 corp: 1786/189Kb lim: 4096 exec/s: 6675 rss: 265Mb L: 42/4083 MS: 1 EraseBytes-
#33380	REDUCE cov: 2923 ft: 15225 corp: 1786/189Kb lim: 4096 exec/s: 6676 rss: 265Mb L: 175/4083 MS: 2 ChangeASCIIInt-EraseBytes-
#33931	REDUCE cov: 2923 ft: 15225 corp: 1786/189Kb lim: 4096 exec/s: 6786 rss: 266Mb L: 10/4083 MS: 1 EraseBytes-
#34029	NEW    cov: 2923 ft: 15229 corp: 1787/189Kb lim: 4096 exec/s: 6805 rss: 267Mb L: 82/4083 MS: 3 CopyPart-ChangeASCIIInt-CrossOver-
#34716	REDUCE cov: 2923 ft: 15229 corp: 1787/189Kb lim: 4096 exec/s: 5786 rss: 269Mb L: 90/4083 MS: 2 ChangeBit-EraseBytes-
#35857	REDUCE cov: 2923 ft: 15229 corp: 1787/189Kb lim: 4096 exec/s: 5976 rss: 273Mb L: 339/4083 MS: 1 EraseBytes-
#36248	NEW    cov: 2923 ft: 15231 corp: 1788/190Kb lim: 4096 exec/s: 6041 rss: 273Mb L: 667/4083 MS: 1 CopyPart-
#38374	REDUCE cov: 2923 ft: 15231 corp: 1788/190Kb lim: 4096 exec/s: 6395 rss: 273Mb L: 60/4083 MS: 1 EraseBytes-
#40116	NEW    cov: 2923 ft: 15232 corp: 1789/190Kb lim: 4096 exec/s: 5730 rss: 273Mb L: 255/4083 MS: 2 ChangeBit-CopyPart-
#40443	REDUCE cov: 2923 ft: 15232 corp: 1789/190Kb lim: 4096 exec/s: 5777 rss: 273Mb L: 9/4083 MS: 2 ChangeByte-EraseBytes-
#41329	REDUCE cov: 2923 ft: 15232 corp: 1789/190Kb lim: 4096 exec/s: 5904 rss: 273Mb L: 18/4083 MS: 1 EraseBytes-
#42136	REDUCE cov: 2923 ft: 15232 corp: 1789/190Kb lim: 4096 exec/s: 6019 rss: 273Mb L: 42/4083 MS: 2 ChangeBit-EraseBytes-
#43028	REDUCE cov: 2923 ft: 15232 corp: 1789/190Kb lim: 4096 exec/s: 6146 rss: 273Mb L: 33/4083 MS: 2 InsertByte-EraseBytes-
#43405	REDUCE cov: 2923 ft: 15232 corp: 1789/190Kb lim: 4096 exec/s: 6200 rss: 273Mb L: 167/4083 MS: 2 ShuffleBytes-EraseBytes-
#44036	REDUCE cov: 2923 ft: 15232 corp: 1789/190Kb lim: 4096 exec/s: 6290 rss: 273Mb L: 75/4083 MS: 1 EraseBytes-
#44466	REDUCE cov: 2923 ft: 15232 corp: 1789/190Kb lim: 4096 exec/s: 6352 rss: 273Mb L: 305/4083 MS: 5 PersAutoDict-ChangeBinInt-PersAutoDict-ChangeASCIIInt-EraseBytes- DE: "pp"-"pp"-
#49099	REDUCE cov: 2923 ft: 15232 corp: 1789/190Kb lim: 4096 exec/s: 6137 rss: 273Mb L: 1727/4083 MS: 3 CopyPart-PersAutoDict-EraseBytes- DE: "pp"-
#49367	REDUCE cov: 2923 ft: 15232 corp: 1789/190Kb lim: 4096 exec/s: 6170 rss: 273Mb L: 1721/4083 MS: 3 CMP-ShuffleBytes-EraseBytes- DE: "\002\000\000\000\000\000\000\000"-
#49411	REDUCE cov: 2923 ft: 15232 corp: 1789/190Kb lim: 4096 exec/s: 6176 rss: 273Mb L: 13/4083 MS: 4 PersAutoDict-CopyPart-EraseBytes-EraseBytes- DE: "\002\000\000\000\000\000\000\000"-
#50562	REDUCE cov: 2923 ft: 15232 corp: 1789/190Kb lim: 4096 exec/s: 6320 rss: 273Mb L: 233/4083 MS: 1 EraseBytes-
#51163	NEW    cov: 2923 ft: 15269 corp: 1790/191Kb lim: 4096 exec/s: 6395 rss: 273Mb L: 967/4083 MS: 1 CopyPart-
#52184	REDUCE cov: 2923 ft: 15269 corp: 1790/191Kb lim: 4096 exec/s: 6523 rss: 273Mb L: 66/4083 MS: 1 EraseBytes-
#53368	REDUCE cov: 2923 ft: 15269 corp: 1790/191Kb lim: 4096 exec/s: 6671 rss: 273Mb L: 365/4083 MS: 4 CopyPart-ChangeBit-ShuffleBytes-EraseBytes-
#57094	REDUCE cov: 2923 ft: 15269 corp: 1790/191Kb lim: 4096 exec/s: 6343 rss: 273Mb L: 68/4083 MS: 1 EraseBytes-
#62151	REDUCE cov: 2923 ft: 15269 corp: 1790/191Kb lim: 4096 exec/s: 6905 rss: 273Mb L: 9/4083 MS: 2 ChangeBit-EraseBytes-
#65052	REDUCE cov: 2923 ft: 15269 corp: 1790/191Kb lim: 4096 exec/s: 7228 rss: 273Mb L: 12/4083 MS: 1 EraseBytes-
#65178	REDUCE cov: 2923 ft: 15269 corp: 1790/191Kb lim: 4096 exec/s: 7242 rss: 273Mb L: 7/4083 MS: 1 EraseBytes-
#65536	pulse  cov: 2923 ft: 15269 corp: 1790/191Kb lim: 4096 exec/s: 7281 rss: 273Mb
#66660	REDUCE cov: 2923 ft: 15269 corp: 1790/191Kb lim: 4096 exec/s: 6666 rss: 273Mb L: 10/4083 MS: 2 CopyPart-EraseBytes-
#66996	REDUCE cov: 2923 ft: 15269 corp: 1790/191Kb lim: 4096 exec/s: 6699 rss: 273Mb L: 36/4083 MS: 1 EraseBytes-
#67207	REDUCE cov: 2923 ft: 15269 corp: 1790/191Kb lim: 4096 exec/s: 6720 rss: 273Mb L: 126/4083 MS: 1 EraseBytes-
#68164	REDUCE cov: 2923 ft: 15269 corp: 1790/191Kb lim: 4096 exec/s: 6816 rss: 273Mb L: 19/4083 MS: 2 ChangeBit-EraseBytes-
#68366	REDUCE cov: 2923 ft: 15269 corp: 1790/191Kb lim: 4096 exec/s: 6836 rss: 273Mb L: 46/4083 MS: 2 EraseBytes-InsertByte-
#68832	REDUCE cov: 2923 ft: 15269 corp: 1790/191Kb lim: 4096 exec/s: 6883 rss: 273Mb L: 29/4083 MS: 1 EraseBytes-
#71039	REDUCE cov: 2923 ft: 15269 corp: 1790/191Kb lim: 4096 exec/s: 7103 rss: 273Mb L: 412/4083 MS: 2 CMP-EraseBytes- DE: "\000\000\000\000\000\000\000\000"-
#71570	REDUCE cov: 2923 ft: 15269 corp: 1790/191Kb lim: 4096 exec/s: 7157 rss: 273Mb L: 24/4083 MS: 1 EraseBytes-
#71936	REDUCE cov: 2923 ft: 15269 corp: 1790/191Kb lim: 4096 exec/s: 7193 rss: 273Mb L: 19/4083 MS: 1 EraseBytes-
#72378	NEW    cov: 2923 ft: 15270 corp: 1791/191Kb lim: 4096 exec/s: 6579 rss: 273Mb L: 133/4083 MS: 2 ChangeBit-CrossOver-
#74855	REDUCE cov: 2923 ft: 15270 corp: 1791/191Kb lim: 4096 exec/s: 6805 rss: 273Mb L: 23/4083 MS: 2 ChangeBit-EraseBytes-
#74926	REDUCE cov: 2923 ft: 15270 corp: 1791/191Kb lim: 4096 exec/s: 6811 rss: 273Mb L: 62/4083 MS: 1 EraseBytes-
#76397	REDUCE cov: 2923 ft: 15270 corp: 1791/191Kb lim: 4096 exec/s: 6945 rss: 273Mb L: 19/4083 MS: 1 EraseBytes-
#77208	REDUCE cov: 2923 ft: 15270 corp: 1791/191Kb lim: 4096 exec/s: 7018 rss: 273Mb L: 39/4083 MS: 1 EraseBytes-
#77424	REDUCE cov: 2923 ft: 15270 corp: 1791/191Kb lim: 4096 exec/s: 7038 rss: 273Mb L: 157/4083 MS: 1 EraseBytes-
#78255	REDUCE cov: 2923 ft: 15270 corp: 1791/191Kb lim: 4096 exec/s: 7114 rss: 273Mb L: 14/4083 MS: 1 EraseBytes-
#80581	REDUCE cov: 2923 ft: 15270 corp: 1791/191Kb lim: 4096 exec/s: 6715 rss: 273Mb L: 162/4083 MS: 1 EraseBytes-
#80622	REDUCE cov: 2923 ft: 15270 corp: 1791/191Kb lim: 4096 exec/s: 6718 rss: 273Mb L: 1138/4083 MS: 1 EraseBytes-
#81268	REDUCE cov: 2923 ft: 15270 corp: 1791/191Kb lim: 4096 exec/s: 6772 rss: 273Mb L: 230/4083 MS: 1 EraseBytes-
#81366	REDUCE cov: 2923 ft: 15270 corp: 1791/191Kb lim: 4096 exec/s: 6780 rss: 273Mb L: 129/4083 MS: 3 ChangeByte-ChangeBit-EraseBytes-
#84439	REDUCE cov: 2923 ft: 15270 corp: 1791/191Kb lim: 4096 exec/s: 7036 rss: 273Mb L: 18/4083 MS: 3 ShuffleBytes-ChangeByte-EraseBytes-
#85038	REDUCE cov: 2923 ft: 15270 corp: 1791/190Kb lim: 4096 exec/s: 7086 rss: 273Mb L: 722/4083 MS: 4 PersAutoDict-ChangeASCIIInt-ChangeBit-EraseBytes- DE: "\002\000\000\000\000\000\000\000"-
#85147	REDUCE cov: 2923 ft: 15270 corp: 1791/190Kb lim: 4096 exec/s: 7095 rss: 273Mb L: 22/4083 MS: 4 CopyPart-CopyPart-EraseBytes-EraseBytes-
#86549	REDUCE cov: 2923 ft: 15270 corp: 1791/190Kb lim: 4096 exec/s: 6657 rss: 273Mb L: 142/4083 MS: 2 ChangeBinInt-EraseBytes-
#86815	REDUCE cov: 2923 ft: 15270 corp: 1791/190Kb lim: 4096 exec/s: 6678 rss: 273Mb L: 142/4083 MS: 1 EraseBytes-
#87416	REDUCE cov: 2923 ft: 15270 corp: 1791/190Kb lim: 4096 exec/s: 6724 rss: 273Mb L: 20/4083 MS: 1 EraseBytes-
#88532	REDUCE cov: 2923 ft: 15270 corp: 1791/190Kb lim: 4096 exec/s: 6810 rss: 273Mb L: 275/4083 MS: 1 EraseBytes-
#89118	REDUCE cov: 2923 ft: 15270 corp: 1791/190Kb lim: 4096 exec/s: 6855 rss: 273Mb L: 61/4083 MS: 1 EraseBytes-
#90249	NEW    cov: 2923 ft: 15276 corp: 1792/190Kb lim: 4096 exec/s: 6942 rss: 273Mb L: 27/4083 MS: 1 CopyPart-
#90460	REDUCE cov: 2923 ft: 15276 corp: 1792/190Kb lim: 4096 exec/s: 6958 rss: 273Mb L: 58/4083 MS: 1 EraseBytes-
#91602	NEW    cov: 2925 ft: 15278 corp: 1793/190Kb lim: 4096 exec/s: 7046 rss: 273Mb L: 39/4083 MS: 2 CMP-ChangeASCIIInt- DE: "\004)\032L"-
#92295	REDUCE cov: 2925 ft: 15278 corp: 1793/190Kb lim: 4096 exec/s: 7099 rss: 273Mb L: 13/4083 MS: 3 EraseBytes-CopyPart-CopyPart-
#92562	NEW    cov: 2925 ft: 15279 corp: 1794/190Kb lim: 4096 exec/s: 6611 rss: 273Mb L: 85/4083 MS: 2 ShuffleBytes-EraseBytes-
#92589	REDUCE cov: 2925 ft: 15279 corp: 1794/190Kb lim: 4096 exec/s: 6613 rss: 273Mb L: 3724/4083 MS: 2 ShuffleBytes-EraseBytes-
#92965	REDUCE cov: 2925 ft: 15279 corp: 1794/190Kb lim: 4096 exec/s: 6640 rss: 273Mb L: 47/4083 MS: 1 EraseBytes-
#93192	REDUCE cov: 2925 ft: 15279 corp: 1794/190Kb lim: 4096 exec/s: 6656 rss: 273Mb L: 887/4083 MS: 2 CopyPart-EraseBytes-
#94550	REDUCE cov: 2925 ft: 15279 corp: 1794/190Kb lim: 4096 exec/s: 6753 rss: 273Mb L: 17/4083 MS: 3 EraseBytes-CopyPart-EraseBytes-
#94643	REDUCE cov: 2925 ft: 15279 corp: 1794/190Kb lim: 4096 exec/s: 6760 rss: 273Mb L: 50/4083 MS: 3 InsertByte-ChangeBinInt-EraseBytes-
#96759	REDUCE cov: 2925 ft: 15279 corp: 1794/190Kb lim: 4096 exec/s: 6911 rss: 273Mb L: 1760/4083 MS: 1 EraseBytes-
#96880	NEW    cov: 2925 ft: 15280 corp: 1795/190Kb lim: 4096 exec/s: 6920 rss: 273Mb L: 57/4083 MS: 1 CrossOver-
#97431	NEW    cov: 2925 ft: 15284 corp: 1796/190Kb lim: 4096 exec/s: 6959 rss: 273Mb L: 60/4083 MS: 1 CopyPart-
#98497	REDUCE cov: 2925 ft: 15284 corp: 1796/190Kb lim: 4096 exec/s: 7035 rss: 273Mb L: 48/4083 MS: 1 EraseBytes-
#98873	REDUCE cov: 2925 ft: 15284 corp: 1796/190Kb lim: 4096 exec/s: 7062 rss: 273Mb L: 15/4083 MS: 1 EraseBytes-
#99574	REDUCE cov: 2925 ft: 15284 corp: 1796/190Kb lim: 4096 exec/s: 7112 rss: 273Mb L: 10/4083 MS: 1 EraseBytes-
#100226	NEW    cov: 2925 ft: 15291 corp: 1797/192Kb lim: 4096 exec/s: 7159 rss: 273Mb L: 2063/4083 MS: 2 ChangeASCIIInt-PersAutoDict- DE: "pp"-
#100662	REDUCE cov: 2925 ft: 15291 corp: 1797/192Kb lim: 4096 exec/s: 6710 rss: 273Mb L: 39/4083 MS: 1 EraseBytes-
#100668	REDUCE cov: 2925 ft: 15291 corp: 1797/192Kb lim: 4096 exec/s: 6711 rss: 273Mb L: 6/4083 MS: 1 EraseBytes-
#101080	REDUCE cov: 2925 ft: 15291 corp: 1797/192Kb lim: 4096 exec/s: 6738 rss: 273Mb L: 89/4083 MS: 2 ChangeBit-EraseBytes-
#101906	REDUCE cov: 2925 ft: 15291 corp: 1797/192Kb lim: 4096 exec/s: 6793 rss: 273Mb L: 265/4083 MS: 1 EraseBytes-
#102272	REDUCE cov: 2925 ft: 15291 corp: 1797/192Kb lim: 4096 exec/s: 6818 rss: 273Mb L: 1947/4083 MS: 1 EraseBytes-
#103388	REDUCE cov: 2925 ft: 15291 corp: 1797/192Kb lim: 4096 exec/s: 6892 rss: 273Mb L: 38/4083 MS: 1 EraseBytes-
#106606	REDUCE cov: 2925 ft: 15291 corp: 1797/192Kb lim: 4096 exec/s: 7107 rss: 273Mb L: 714/4083 MS: 3 ChangeASCIIInt-ChangeBinInt-EraseBytes-
#107642	REDUCE cov: 2925 ft: 15291 corp: 1797/192Kb lim: 4096 exec/s: 7176 rss: 273Mb L: 41/4083 MS: 1 EraseBytes-
#107944	REDUCE cov: 2925 ft: 15291 corp: 1797/192Kb lim: 4096 exec/s: 7196 rss: 273Mb L: 12/4083 MS: 2 ChangeBinInt-EraseBytes-
#108645	REDUCE cov: 2925 ft: 15291 corp: 1797/192Kb lim: 4096 exec/s: 7243 rss: 273Mb L: 28/4083 MS: 1 EraseBytes-
#109178	REDUCE cov: 2925 ft: 15291 corp: 1797/192Kb lim: 4096 exec/s: 7278 rss: 273Mb L: 12/4083 MS: 3 CrossOver-ChangeByte-EraseBytes-
#109354	REDUCE cov: 2925 ft: 15291 corp: 1797/192Kb lim: 4096 exec/s: 7290 rss: 273Mb L: 163/4083 MS: 1 EraseBytes-
#110140	REDUCE cov: 2925 ft: 15291 corp: 1797/192Kb lim: 4096 exec/s: 7342 rss: 273Mb L: 7/4083 MS: 1 EraseBytes-
#110701	REDUCE cov: 2925 ft: 15291 corp: 1797/192Kb lim: 4096 exec/s: 6918 rss: 273Mb L: 22/4083 MS: 1 EraseBytes-
#110847	REDUCE cov: 2925 ft: 15291 corp: 1797/192Kb lim: 4096 exec/s: 6927 rss: 273Mb L: 485/4083 MS: 1 EraseBytes-
#111579	REDUCE cov: 2925 ft: 15291 corp: 1797/192Kb lim: 4096 exec/s: 6973 rss: 273Mb L: 12/4083 MS: 2 ShuffleBytes-EraseBytes-
#111765	REDUCE cov: 2925 ft: 15291 corp: 1797/192Kb lim: 4096 exec/s: 6985 rss: 273Mb L: 67/4083 MS: 1 EraseBytes-
#112356	REDUCE cov: 2925 ft: 15291 corp: 1797/192Kb lim: 4096 exec/s: 7022 rss: 273Mb L: 26/4083 MS: 1 EraseBytes-
#112659	REDUCE cov: 2925 ft: 15291 corp: 1797/192Kb lim: 4096 exec/s: 7041 rss: 273Mb L: 148/4083 MS: 3 ChangeByte-CopyPart-EraseBytes-
#113010	REDUCE cov: 2925 ft: 15291 corp: 1797/192Kb lim: 4096 exec/s: 7063 rss: 273Mb L: 22/4083 MS: 1 EraseBytes-
#114422	REDUCE cov: 2925 ft: 15291 corp: 1797/192Kb lim: 4096 exec/s: 7151 rss: 273Mb L: 26/4083 MS: 2 PersAutoDict-EraseBytes- DE: "\002\000\000\000\000\000\000\000"-
#114993	REDUCE cov: 2925 ft: 15291 corp: 1797/192Kb lim: 4096 exec/s: 7187 rss: 273Mb L: 29/4083 MS: 1 EraseBytes-
#115304	REDUCE cov: 2925 ft: 15291 corp: 1797/192Kb lim: 4096 exec/s: 7206 rss: 273Mb L: 700/4083 MS: 1 EraseBytes-
#115345	REDUCE cov: 2925 ft: 15291 corp: 1797/192Kb lim: 4096 exec/s: 7209 rss: 273Mb L: 568/4083 MS: 1 CrossOver-
#115571	REDUCE cov: 2925 ft: 15291 corp: 1797/192Kb lim: 4096 exec/s: 7223 rss: 273Mb L: 157/4083 MS: 1 EraseBytes-
#116078	REDUCE cov: 2925 ft: 15291 corp: 1797/192Kb lim: 4096 exec/s: 7254 rss: 273Mb L: 650/4083 MS: 1 EraseBytes-
#118689	REDUCE cov: 2925 ft: 15291 corp: 1797/192Kb lim: 4096 exec/s: 6981 rss: 273Mb L: 338/4083 MS: 1 EraseBytes-
#118830	REDUCE cov: 2925 ft: 15291 corp: 1797/192Kb lim: 4096 exec/s: 6990 rss: 273Mb L: 20/4083 MS: 1 EraseBytes-
#119098	REDUCE cov: 2925 ft: 15291 corp: 1797/192Kb lim: 4096 exec/s: 7005 rss: 273Mb L: 929/4083 MS: 3 CopyPart-ChangeBit-EraseBytes-
#119221	REDUCE cov: 2925 ft: 15291 corp: 1797/192Kb lim: 4096 exec/s: 7013 rss: 273Mb L: 901/4083 MS: 3 ChangeBinInt-CrossOver-EraseBytes-
#120828	REDUCE cov: 2925 ft: 15291 corp: 1797/192Kb lim: 4096 exec/s: 7107 rss: 273Mb L: 41/4083 MS: 2 CrossOver-EraseBytes-
#121039	REDUCE cov: 2925 ft: 15291 corp: 1797/192Kb lim: 4096 exec/s: 7119 rss: 273Mb L: 19/4083 MS: 1 EraseBytes-
#121327	REDUCE cov: 2925 ft: 15291 corp: 1797/192Kb lim: 4096 exec/s: 7136 rss: 273Mb L: 55/4083 MS: 3 EraseBytes-InsertByte-PersAutoDict- DE: "pp"-
#124844	REDUCE cov: 2925 ft: 15291 corp: 1797/191Kb lim: 4096 exec/s: 7343 rss: 273Mb L: 199/4083 MS: 1 EraseBytes-
#125100	REDUCE cov: 2925 ft: 15291 corp: 1797/191Kb lim: 4096 exec/s: 7358 rss: 273Mb L: 1330/4083 MS: 1 EraseBytes-
#125486	REDUCE cov: 2925 ft: 15291 corp: 1797/191Kb lim: 4096 exec/s: 7381 rss: 273Mb L: 35/4083 MS: 1 EraseBytes-
#126137	REDUCE cov: 2925 ft: 15291 corp: 1797/191Kb lim: 4096 exec/s: 7419 rss: 273Mb L: 4/4083 MS: 1 EraseBytes-
#126208	NEW    cov: 2925 ft: 15300 corp: 1798/193Kb lim: 4096 exec/s: 7011 rss: 273Mb L: 1643/4083 MS: 1 CopyPart-
#127734	REDUCE cov: 2925 ft: 15300 corp: 1798/193Kb lim: 4096 exec/s: 7096 rss: 273Mb L: 6/4083 MS: 1 EraseBytes-
#128360	REDUCE cov: 2925 ft: 15300 corp: 1798/193Kb lim: 4096 exec/s: 7131 rss: 273Mb L: 7/4083 MS: 1 EraseBytes-
#128661	REDUCE cov: 2925 ft: 15300 corp: 1798/193Kb lim: 4096 exec/s: 7147 rss: 273Mb L: 129/4083 MS: 1 EraseBytes-
#128963	REDUCE cov: 2925 ft: 15300 corp: 1798/193Kb lim: 4096 exec/s: 7164 rss: 273Mb L: 61/4083 MS: 2 ChangeBit-EraseBytes-
#130234	REDUCE cov: 2925 ft: 15300 corp: 1798/193Kb lim: 4096 exec/s: 7235 rss: 273Mb L: 12/4083 MS: 1 EraseBytes-
#131072	pulse  cov: 2925 ft: 15300 corp: 1798/193Kb lim: 4096 exec/s: 7281 rss: 273Mb
#132416	REDUCE cov: 2925 ft: 15300 corp: 1798/193Kb lim: 4096 exec/s: 7356 rss: 273Mb L: 10/4083 MS: 1 EraseBytes-
#132757	REDUCE cov: 2925 ft: 15300 corp: 1798/193Kb lim: 4096 exec/s: 7375 rss: 273Mb L: 10/4083 MS: 1 EraseBytes-
#132763	REDUCE cov: 2925 ft: 15300 corp: 1798/193Kb lim: 4096 exec/s: 7375 rss: 273Mb L: 72/4083 MS: 1 EraseBytes-
#134302	REDUCE cov: 2925 ft: 15300 corp: 1798/193Kb lim: 4096 exec/s: 7068 rss: 273Mb L: 466/4083 MS: 4 ChangeBinInt-PersAutoDict-ShuffleBytes-EraseBytes- DE: "\002\000\000\000\000\000\000\000"-
#134689	REDUCE cov: 2925 ft: 15300 corp: 1798/193Kb lim: 4096 exec/s: 7088 rss: 273Mb L: 681/4083 MS: 2 ChangeASCIIInt-EraseBytes-
#136617	REDUCE cov: 2925 ft: 15300 corp: 1798/193Kb lim: 4096 exec/s: 7190 rss: 273Mb L: 844/4083 MS: 3 ShuffleBytes-InsertRepeatedBytes-EraseBytes-
#136715	REDUCE cov: 2925 ft: 15300 corp: 1798/193Kb lim: 4096 exec/s: 7195 rss: 273Mb L: 63/4083 MS: 3 ChangeBinInt-ChangeASCIIInt-EraseBytes-
#136837	REDUCE cov: 2925 ft: 15300 corp: 1798/193Kb lim: 4096 exec/s: 7201 rss: 273Mb L: 6/4083 MS: 2 EraseBytes-EraseBytes-
#140483	REDUCE cov: 2925 ft: 15300 corp: 1798/193Kb lim: 4096 exec/s: 7393 rss: 273Mb L: 710/4083 MS: 1 EraseBytes-
#140889	REDUCE cov: 2925 ft: 15300 corp: 1798/193Kb lim: 4096 exec/s: 7415 rss: 273Mb L: 470/4083 MS: 1 EraseBytes-
#141650	REDUCE cov: 2925 ft: 15300 corp: 1798/193Kb lim: 4096 exec/s: 7455 rss: 273Mb L: 102/4083 MS: 1 EraseBytes-
#142606	REDUCE cov: 2925 ft: 15300 corp: 1798/193Kb lim: 4096 exec/s: 7130 rss: 273Mb L: 19/4083 MS: 1 EraseBytes-
#142727	REDUCE cov: 2925 ft: 15300 corp: 1798/193Kb lim: 4096 exec/s: 7136 rss: 273Mb L: 21/4083 MS: 1 EraseBytes-
#143163	REDUCE cov: 2925 ft: 15300 corp: 1798/193Kb lim: 4096 exec/s: 7158 rss: 273Mb L: 61/4083 MS: 1 EraseBytes-
#143915	REDUCE cov: 2925 ft: 15300 corp: 1798/193Kb lim: 4096 exec/s: 7195 rss: 273Mb L: 278/4083 MS: 2 ShuffleBytes-EraseBytes-
#146226	REDUCE cov: 2925 ft: 15300 corp: 1798/193Kb lim: 4096 exec/s: 7311 rss: 273Mb L: 95/4083 MS: 1 EraseBytes-
#146537	REDUCE cov: 2925 ft: 15300 corp: 1798/193Kb lim: 4096 exec/s: 7326 rss: 273Mb L: 32/4083 MS: 1 EraseBytes-
#146689	REDUCE cov: 2925 ft: 15300 corp: 1798/193Kb lim: 4096 exec/s: 7334 rss: 273Mb L: 4/4083 MS: 2 ShuffleBytes-EraseBytes-
#150980	REDUCE cov: 2925 ft: 15300 corp: 1798/193Kb lim: 4096 exec/s: 7189 rss: 273Mb L: 59/4083 MS: 1 EraseBytes-
#153528	REDUCE cov: 2925 ft: 15300 corp: 1798/193Kb lim: 4096 exec/s: 7310 rss: 273Mb L: 13/4083 MS: 3 ChangeBinInt-PersAutoDict-EraseBytes- DE: "pp"-
#153665	REDUCE cov: 2925 ft: 15300 corp: 1798/193Kb lim: 4096 exec/s: 7317 rss: 273Mb L: 227/4083 MS: 2 CMP-EraseBytes- DE: "ignop"-
#154031	REDUCE cov: 2925 ft: 15300 corp: 1798/193Kb lim: 4096 exec/s: 7334 rss: 273Mb L: 84/4083 MS: 1 EraseBytes-
#155207	REDUCE cov: 2925 ft: 15300 corp: 1798/193Kb lim: 4096 exec/s: 7390 rss: 273Mb L: 15/4083 MS: 1 EraseBytes-
#155833	REDUCE cov: 2925 ft: 15300 corp: 1798/193Kb lim: 4096 exec/s: 7083 rss: 273Mb L: 27/4083 MS: 1 EraseBytes-
#156495	REDUCE cov: 2925 ft: 15300 corp: 1798/193Kb lim: 4096 exec/s: 7113 rss: 273Mb L: 103/4083 MS: 2 ChangeASCIIInt-EraseBytes-
#156827	REDUCE cov: 2925 ft: 15300 corp: 1798/193Kb lim: 4096 exec/s: 7128 rss: 273Mb L: 12/4083 MS: 2 CopyPart-EraseBytes-
#157006	REDUCE cov: 2925 ft: 15305 corp: 1799/193Kb lim: 4096 exec/s: 7136 rss: 273Mb L: 117/4083 MS: 4 CopyPart-ChangeBinInt-ShuffleBytes-CopyPart-
#157747	REDUCE cov: 2925 ft: 15305 corp: 1799/193Kb lim: 4096 exec/s: 6858 rss: 273Mb L: 14/4083 MS: 1 EraseBytes-
#158073	REDUCE cov: 2925 ft: 15305 corp: 1799/193Kb lim: 4096 exec/s: 6872 rss: 273Mb L: 19/4083 MS: 1 EraseBytes-
#158254	REDUCE cov: 2925 ft: 15305 corp: 1799/193Kb lim: 4096 exec/s: 6880 rss: 273Mb L: 104/4083 MS: 1 EraseBytes-
#158365	REDUCE cov: 2925 ft: 15305 corp: 1799/193Kb lim: 4096 exec/s: 6885 rss: 273Mb L: 183/4083 MS: 1 EraseBytes-
#158506	REDUCE cov: 2925 ft: 15305 corp: 1799/193Kb lim: 4096 exec/s: 6891 rss: 273Mb L: 18/4083 MS: 1 EraseBytes-
#159493	REDUCE cov: 2925 ft: 15305 corp: 1799/193Kb lim: 4096 exec/s: 6934 rss: 273Mb L: 81/4083 MS: 2 InsertByte-EraseBytes-
#159855	REDUCE cov: 2925 ft: 15305 corp: 1799/193Kb lim: 4096 exec/s: 6950 rss: 273Mb L: 14/4083 MS: 2 ShuffleBytes-EraseBytes-
#159996	REDUCE cov: 2925 ft: 15305 corp: 1799/193Kb lim: 4096 exec/s: 6956 rss: 273Mb L: 47/4083 MS: 1 EraseBytes-
#160772	REDUCE cov: 2925 ft: 15305 corp: 1799/192Kb lim: 4096 exec/s: 6990 rss: 273Mb L: 1383/4083 MS: 1 EraseBytes-
#162138	NEW    cov: 2925 ft: 15309 corp: 1800/192Kb lim: 4096 exec/s: 7049 rss: 273Mb L: 85/4083 MS: 1 InsertRepeatedBytes-
#162754	REDUCE cov: 2925 ft: 15309 corp: 1800/192Kb lim: 4096 exec/s: 7076 rss: 273Mb L: 15/4083 MS: 1 EraseBytes-
#166033	REDUCE cov: 2925 ft: 15309 corp: 1800/192Kb lim: 4096 exec/s: 6918 rss: 273Mb L: 42/4083 MS: 4 CMP-ChangeBit-InsertByte-EraseBytes- DE: "\001\000\000\000\000\000\000\012"-
#166339	REDUCE cov: 2925 ft: 15309 corp: 1800/192Kb lim: 4096 exec/s: 6930 rss: 273Mb L: 9/4083 MS: 1 EraseBytes-
#168290	REDUCE cov: 2925 ft: 15309 corp: 1800/192Kb lim: 4096 exec/s: 7012 rss: 273Mb L: 105/4083 MS: 1 EraseBytes-
#168451	REDUCE cov: 2925 ft: 15309 corp: 1800/192Kb lim: 4096 exec/s: 7018 rss: 273Mb L: 39/4083 MS: 1 EraseBytes-
#168845	NEW    cov: 2925 ft: 15310 corp: 1801/193Kb lim: 4096 exec/s: 7035 rss: 273Mb L: 220/4083 MS: 4 InsertRepeatedBytes-ChangeASCIIInt-InsertRepeatedBytes-EraseBytes-
#169251	REDUCE cov: 2925 ft: 15310 corp: 1801/193Kb lim: 4096 exec/s: 7052 rss: 273Mb L: 10/4083 MS: 1 EraseBytes-
#169337	REDUCE cov: 2925 ft: 15310 corp: 1801/193Kb lim: 4096 exec/s: 7055 rss: 273Mb L: 39/4083 MS: 1 EraseBytes-
#169838	REDUCE cov: 2925 ft: 15310 corp: 1801/193Kb lim: 4096 exec/s: 6793 rss: 273Mb L: 117/4083 MS: 1 EraseBytes-
#170308	NEW    cov: 2925 ft: 15311 corp: 1802/193Kb lim: 4096 exec/s: 6812 rss: 273Mb L: 159/4083 MS: 5 ChangeASCIIInt-EraseBytes-PersAutoDict-InsertRepeatedBytes-CopyPart- DE: "\004)\032L"-
#171409	NEW    cov: 2925 ft: 15312 corp: 1803/193Kb lim: 4096 exec/s: 6856 rss: 273Mb L: 29/4083 MS: 1 PersAutoDict- DE: "ignop"-
#174770	NEW    cov: 2925 ft: 15313 corp: 1804/193Kb lim: 4096 exec/s: 6990 rss: 273Mb L: 63/4083 MS: 1 EraseBytes-
#175436	REDUCE cov: 2925 ft: 15313 corp: 1804/192Kb lim: 4096 exec/s: 7017 rss: 273Mb L: 1602/4083 MS: 1 EraseBytes-
#179432	REDUCE cov: 2925 ft: 15313 corp: 1804/192Kb lim: 4096 exec/s: 6901 rss: 273Mb L: 23/4083 MS: 1 EraseBytes-
#180631	REDUCE cov: 2925 ft: 15313 corp: 1804/192Kb lim: 4096 exec/s: 6947 rss: 273Mb L: 1361/4083 MS: 4 CopyPart-EraseBytes-ChangeASCIIInt-EraseBytes-
#182233	REDUCE cov: 2925 ft: 15313 corp: 1804/192Kb lim: 4096 exec/s: 7008 rss: 273Mb L: 91/4083 MS: 2 ChangeASCIIInt-EraseBytes-
#182404	REDUCE cov: 2925 ft: 15313 corp: 1804/192Kb lim: 4096 exec/s: 7015 rss: 273Mb L: 25/4083 MS: 1 EraseBytes-
#182447	REDUCE cov: 2925 ft: 15313 corp: 1804/192Kb lim: 4096 exec/s: 7017 rss: 273Mb L: 70/4083 MS: 3 CMP-ChangeByte-EraseBytes- DE: "ignno"-
#182908	NEW    cov: 2925 ft: 15319 corp: 1805/192Kb lim: 4096 exec/s: 7034 rss: 273Mb L: 29/4083 MS: 1 CopyPart-
#184306	REDUCE cov: 2925 ft: 15319 corp: 1805/192Kb lim: 4096 exec/s: 6826 rss: 273Mb L: 13/4083 MS: 3 InsertByte-ChangeASCIIInt-EraseBytes-
#185652	REDUCE cov: 2925 ft: 15319 corp: 1805/192Kb lim: 4096 exec/s: 6876 rss: 273Mb L: 34/4083 MS: 1 EraseBytes-
#185815	REDUCE cov: 2925 ft: 15319 corp: 1805/192Kb lim: 4096 exec/s: 6882 rss: 273Mb L: 34/4083 MS: 3 CrossOver-ChangeBinInt-EraseBytes-
#186581	REDUCE cov: 2925 ft: 15319 corp: 1805/192Kb lim: 4096 exec/s: 6910 rss: 273Mb L: 20/4083 MS: 1 EraseBytes-
#187172	REDUCE cov: 2925 ft: 15319 corp: 1805/192Kb lim: 4096 exec/s: 6932 rss: 273Mb L: 17/4083 MS: 1 EraseBytes-
#187859	REDUCE cov: 2925 ft: 15319 corp: 1805/192Kb lim: 4096 exec/s: 6957 rss: 273Mb L: 6/4083 MS: 2 EraseBytes-CopyPart-
#191020	REDUCE cov: 2925 ft: 15319 corp: 1805/192Kb lim: 4096 exec/s: 7074 rss: 273Mb L: 16/4083 MS: 1 EraseBytes-
#192641	REDUCE cov: 2925 ft: 15319 corp: 1805/192Kb lim: 4096 exec/s: 6880 rss: 273Mb L: 5/4083 MS: 1 EraseBytes-
#195132	REDUCE cov: 2925 ft: 15319 corp: 1805/192Kb lim: 4096 exec/s: 6969 rss: 273Mb L: 22/4083 MS: 1 EraseBytes-
#195318	REDUCE cov: 2925 ft: 15319 corp: 1805/192Kb lim: 4096 exec/s: 6975 rss: 273Mb L: 355/4083 MS: 1 EraseBytes-
#197024	REDUCE cov: 2925 ft: 15319 corp: 1805/192Kb lim: 4096 exec/s: 7036 rss: 273Mb L: 39/4083 MS: 1 EraseBytes-
#197151	REDUCE cov: 2925 ft: 15319 corp: 1805/192Kb lim: 4096 exec/s: 7041 rss: 273Mb L: 100/4083 MS: 2 InsertRepeatedBytes-EraseBytes-
#198247	REDUCE cov: 2925 ft: 15319 corp: 1805/192Kb lim: 4096 exec/s: 6836 rss: 273Mb L: 19/4083 MS: 1 EraseBytes-
#198708	REDUCE cov: 2925 ft: 15319 corp: 1805/192Kb lim: 4096 exec/s: 6852 rss: 273Mb L: 5/4083 MS: 1 EraseBytes-
#198794	REDUCE cov: 2925 ft: 15319 corp: 1805/192Kb lim: 4096 exec/s: 6854 rss: 273Mb L: 86/4083 MS: 1 EraseBytes-
#199575	REDUCE cov: 2925 ft: 15319 corp: 1805/192Kb lim: 4096 exec/s: 6881 rss: 273Mb L: 52/4083 MS: 1 EraseBytes-
#199951	REDUCE cov: 2925 ft: 15319 corp: 1805/192Kb lim: 4096 exec/s: 6894 rss: 273Mb L: 12/4083 MS: 1 EraseBytes-
#200457	REDUCE cov: 2925 ft: 15319 corp: 1805/192Kb lim: 4096 exec/s: 6912 rss: 273Mb L: 272/4083 MS: 1 EraseBytes-
#201443	REDUCE cov: 2925 ft: 15319 corp: 1805/192Kb lim: 4096 exec/s: 6946 rss: 273Mb L: 144/4083 MS: 1 EraseBytes-
#202421	REDUCE cov: 2925 ft: 15319 corp: 1805/192Kb lim: 4096 exec/s: 6980 rss: 273Mb L: 4/4083 MS: 3 ChangeBit-InsertByte-EraseBytes-
#203536	REDUCE cov: 2925 ft: 15319 corp: 1805/192Kb lim: 4096 exec/s: 6784 rss: 273Mb L: 298/4083 MS: 5 ChangeASCIIInt-CopyPart-ShuffleBytes-ChangeByte-EraseBytes-
#203902	REDUCE cov: 2925 ft: 15319 corp: 1805/192Kb lim: 4096 exec/s: 6796 rss: 273Mb L: 3/4083 MS: 1 EraseBytes-
#205034	REDUCE cov: 2925 ft: 15319 corp: 1805/192Kb lim: 4096 exec/s: 6834 rss: 273Mb L: 35/4083 MS: 1 EraseBytes-
#206397	NEW    cov: 2925 ft: 15320 corp: 1806/192Kb lim: 4096 exec/s: 6879 rss: 273Mb L: 139/4083 MS: 3 ChangeBit-CopyPart-InsertRepeatedBytes-
#206753	REDUCE cov: 2925 ft: 15320 corp: 1806/192Kb lim: 4096 exec/s: 6891 rss: 273Mb L: 12/4083 MS: 1 EraseBytes-
#207024	REDUCE cov: 2925 ft: 15320 corp: 1806/192Kb lim: 4096 exec/s: 6900 rss: 273Mb L: 1328/4083 MS: 1 EraseBytes-
#208050	REDUCE cov: 2925 ft: 15321 corp: 1807/193Kb lim: 4096 exec/s: 6935 rss: 273Mb L: 344/4083 MS: 1 PersAutoDict- DE: "ignop"-
#210190	DONE   cov: 2925 ft: 15321 corp: 1807/193Kb lim: 4096 exec/s: 6780 rss: 273Mb
###### Recommended dictionary. ######
"pp" # Uses: 6939
"\002\000\000\000\000\000\000\000" # Uses: 3517
"\000\000\000\000\000\000\000\000" # Uses: 2655
"\004)\032L" # Uses: 2198
"ignop" # Uses: 798
"\001\000\000\000\000\000\000\012" # Uses: 591
"ignno" # Uses: 317
###### End of recommended dictionary. ######
Done 210190 runs in 31 second(s)
