    Blocking waiting for file lock on package cache
   Packaging jzon-rs-derive v0.4.0 (/home/meme/Documentos/GitHub/jzon-rs/crates/jzon_derive)
    Updating crates.io index
    Packaged 10 files, 105.8KiB (19.3KiB compressed)
   Packaging jzon-rs v0.4.0 (/home/meme/Documentos/GitHub/jzon-rs/crates/jzon)
    Updating crates.io index
    Packaged 361 files, 16.7MiB (4.9MiB compressed)
   Packaging jzon-rs-compat v0.4.0 (/home/meme/Documentos/GitHub/jzon-rs/crates/jzon_compat)
    Updating crates.io index
    Packaged 8 files, 30.5KiB (9.5KiB compressed)
   Packaging jzon-rs-serde v0.4.0 (/home/meme/Documentos/GitHub/jzon-rs/crates/jzon_serde)
    Updating crates.io index
    Blocking waiting for file lock on package cache
    Packaged 6 files, 12.2KiB (4.8KiB compressed)
   Verifying jzon-rs-derive v0.4.0 (/home/meme/Documentos/GitHub/jzon-rs/crates/jzon_derive)
    Blocking waiting for file lock on package cache
   Compiling jzon-rs-derive v0.4.0 (/home/meme/Documentos/GitHub/jzon-rs/target/package/jzon-rs-derive-0.4.0)
    Finished `dev` profile [unoptimized + debuginfo] target(s) in 9.40s
   Verifying jzon-rs v0.4.0 (/home/meme/Documentos/GitHub/jzon-rs/crates/jzon)
    Updating crates.io index
   Unpacking jzon-rs-derive v0.4.0 (registry `/home/meme/Documentos/GitHub/jzon-rs/target/package/tmp-registry`)
   Compiling fast-float2 v0.2.4
   Compiling jzon-rs-derive v0.4.0
   Compiling jzon-rs v0.4.0 (/home/meme/Documentos/GitHub/jzon-rs/target/package/jzon-rs-0.4.0)
warning: function `try_write_escaped_key_sink` is never used
  --> src/ser.rs:90:15
   |
90 | pub(crate) fn try_write_escaped_key_sink<S: SerializeSink>(
   |               ^^^^^^^^^^^^^^^^^^^^^^^^^^
   |
   = note: `#[warn(dead_code)]` (part of `#[warn(unused)]`) on by default

warning: `jzon-rs` (lib) generated 1 warning
    Finished `dev` profile [unoptimized + debuginfo] target(s) in 11.32s
   Verifying jzon-rs-compat v0.4.0 (/home/meme/Documentos/GitHub/jzon-rs/crates/jzon_compat)
   Compiling jzon-rs-compat v0.4.0 (/home/meme/Documentos/GitHub/jzon-rs/target/package/jzon-rs-compat-0.4.0)
    Finished `dev` profile [unoptimized + debuginfo] target(s) in 11.40s
   Verifying jzon-rs-serde v0.4.0 (/home/meme/Documentos/GitHub/jzon-rs/crates/jzon_serde)
    Updating crates.io index
   Unpacking jzon-rs v0.4.0 (registry `/home/meme/Documentos/GitHub/jzon-rs/target/package/tmp-registry`)
   Compiling serde v1.0.229
   Compiling jzon-rs v0.4.0
   Compiling jzon-rs-serde v0.4.0 (/home/meme/Documentos/GitHub/jzon-rs/target/package/jzon-rs-serde-0.4.0)
    Finished `dev` profile [unoptimized + debuginfo] target(s) in 12.77s
